Archive member included to satisfy reference by file (symbol)

../src/ASF/thirdparty/wireless/services/common_hw_timer/sam0/lib\libsam0_lib_hw_timer.a(common_hw_timer.o)
                              build/Release/production/_ext/1477882237/sw_timer.o (common_tc_read_count)
../src/ASF/thirdparty/wireless/lorawan/libgen/sam0/gcc\libLORAWAN_LIBGEN.a(lorawan.o)
                              build/Release/production/_ext/1360937237/enddevice_cert.o (LORAWAN_Init)
../src/ASF/thirdparty/wireless/lorawan/libgen/sam0/gcc\libLORAWAN_LIBGEN.a(lorawan_classc.o)
                              ../src/ASF/thirdparty/wireless/lorawan/libgen/sam0/gcc\libLORAWAN_LIBGEN.a(lorawan.o) (LorawanClasscValidateSend)
../src/ASF/thirdparty/wireless/lorawan/libgen/sam0/gcc\libLORAWAN_LIBGEN.a(lorawan_mcast.o)
                              ../src/ASF/thirdparty/wireless/lorawan/libgen/sam0/gcc\libLORAWAN_LIBGEN.a(lorawan.o) (LorawanMcastInit)
../src/ASF/thirdparty/wireless/lorawan/libgen/sam0/gcc\libLORAWAN_LIBGEN.a(lorawan_pds.o)
                              ../src/ASF/thirdparty/wireless/lorawan/libgen/sam0/gcc\libLORAWAN_LIBGEN.a(lorawan.o) (Lorawan_Pds_fid1_CB)
../src/ASF/thirdparty/wireless/lorawan/libgen/sam0/gcc\libLORAWAN_LIBGEN.a(lorawan_task_handler.o)
                              ../src/ASF/thirdparty/wireless/lorawan/libgen/sam0/gcc\libLORAWAN_LIBGEN.a(lorawan.o) (LORAWAN_PostTask)
../src/ASF/thirdparty/wireless/lorawan/libgen/sam0/gcc\libLORAWAN_LIBGEN.a(radio_get_set.o)
                              ../src/ASF/thirdparty/wireless/lorawan/libgen/sam0/gcc\libLORAWAN_LIBGEN.a(lorawan.o) (RADIO_GetAttr)
../src/ASF/thirdparty/wireless/lorawan/libgen/sam0/gcc\libLORAWAN_LIBGEN.a(radio_interface.o)
                              ../src/ASF/thirdparty/wireless/lorawan/libgen/sam0/gcc\libLORAWAN_LIBGEN.a(radio_get_set.o) (RADIO_DIO0)
../src/ASF/thirdparty/wireless/lorawan/libgen/sam0/gcc\libLORAWAN_LIBGEN.a(radio_task_manager.o)
                              build/Release/production/_ext/1746776527/system_task_manager.o (RADIO_TaskHandler)
../src/ASF/thirdparty/wireless/lorawan/libgen/sam0/gcc\libLORAWAN_LIBGEN.a(radio_transaction.o)
                              ../src/ASF/thirdparty/wireless/lorawan/libgen/sam0/gcc\libLORAWAN_LIBGEN.a(lorawan.o) (RADIO_GetState)
../src/ASF/thirdparty/wireless/lorawan/libgen/sam0/gcc\libLORAWAN_LIBGEN.a(radio_lbt.o)
                              ../src/ASF/thirdparty/wireless/lorawan/libgen/sam0/gcc\libLORAWAN_LIBGEN.a(radio_task_manager.o) (RADIO_ScanHandler)
c:/program files (x86)/atmel/studio/7.0/toolchain/arm/arm-gnu-toolchain/bin/../lib/gcc/arm-none-eabi/6.3.1/thumb/v6-m\libgcc.a(_thumb1_case_sqi.o)
                              ../src/ASF/thirdparty/wireless/lorawan/libgen/sam0/gcc\libLORAWAN_LIBGEN.a(lorawan.o) (__gnu_thumb1_case_sqi)
c:/program files (x86)/atmel/studio/7.0/toolchain/arm/arm-gnu-toolchain/bin/../lib/gcc/arm-none-eabi/6.3.1/thumb/v6-m\libgcc.a(_thumb1_case_uqi.o)
                              build/Release/production/_ext/246296370/sercom.o (__gnu_thumb1_case_uqi)
c:/program files (x86)/atmel/studio/7.0/toolchain/arm/arm-gnu-toolchain/bin/../lib/gcc/arm-none-eabi/6.3.1/thumb/v6-m\libgcc.a(_thumb1_case_uhi.o)
                              ../src/ASF/thirdparty/wireless/lorawan/libgen/sam0/gcc\libLORAWAN_LIBGEN.a(lorawan.o) (__gnu_thumb1_case_uhi)
c:/program files (x86)/atmel/studio/7.0/toolchain/arm/arm-gnu-toolchain/bin/../lib/gcc/arm-none-eabi/6.3.1/thumb/v6-m\libgcc.a(_udivsi3.o)
                              build/Release/production/_ext/2004935951/systick_counter.o (__aeabi_uidiv)
c:/program files (x86)/atmel/studio/7.0/toolchain/arm/arm-gnu-toolchain/bin/../lib/gcc/arm-none-eabi/6.3.1/thumb/v6-m\libgcc.a(_divsi3.o)
                              ../src/ASF/thirdparty/wireless/services/common_hw_timer/sam0/lib\libsam0_lib_hw_timer.a(common_hw_timer.o) (__aeabi_idiv)
c:/program files (x86)/atmel/studio/7.0/toolchain/arm/arm-gnu-toolchain/bin/../lib/gcc/arm-none-eabi/6.3.1/thumb/v6-m\libgcc.a(_dvmd_tls.o)
                              c:/program files (x86)/atmel/studio/7.0/toolchain/arm/arm-gnu-toolchain/bin/../lib/gcc/arm-none-eabi/6.3.1/thumb/v6-m\libgcc.a(_udivsi3.o) (__aeabi_idiv0)
c:/program files (x86)/atmel/studio/7.0/toolchain/arm/arm-gnu-toolchain/bin/../lib/gcc/arm-none-eabi/6.3.1/thumb/v6-m\libgcc.a(_ashldi3.o)
                              build/Release/production/_ext/246296370/sercom.o (__aeabi_llsl)
c:/program files (x86)/atmel/studio/7.0/toolchain/arm/arm-gnu-toolchain/bin/../lib/gcc/arm-none-eabi/6.3.1/thumb/v6-m\libgcc.a(_arm_cmpsf2.o)
                              build/Release/production/_ext/1360937237/TMP102.o (__aeabi_fcmplt)
c:/program files (x86)/atmel/studio/7.0/toolchain/arm/arm-gnu-toolchain/bin/../lib/gcc/arm-none-eabi/6.3.1/thumb/v6-m\libgcc.a(_aeabi_uldivmod.o)
                              build/Release/production/_ext/1264825454/pmm.o (__aeabi_uldivmod)
[...]
Memory Configuration

Name             Origin             Length             Attributes
rom              0x00000000         0x00040000         xr
ram              0x20000000         0x00008000         xrw
lpram            0x30000000         0x00002000         xrw
*default*        0x00000000         0xffffffff

Linker script and memory map

LOAD c:/program files (x86)/atmel/studio/7.0/toolchain/arm/arm-gnu-toolchain/bin/../lib/gcc/arm-none-eabi/6.3.1/thumb/v6-m/crti.o
LOAD c:/program files (x86)/atmel/studio/7.0/toolchain/arm/arm-gnu-toolchain/bin/../lib/gcc/arm-none-eabi/6.3.1/thumb/v6-m/crtbegin.o
LOAD c:/program files (x86)/atmel/studio/7.0/toolchain/arm/arm-gnu-toolchain/bin/../lib/gcc/arm-none-eabi/6.3.1/../../../../arm-none-eabi/lib/thumb/v6-m/crt0.o
LOAD build/Release/production/_ext/1939168694/interrupt_sam_nvic.o
LOAD build/Release/production/_ext/2004935951/systick_counter.o
LOAD build/Release/production/_ext/1359342511/board_init.o
LOAD build/Release/production/_ext/315774037/adc.o
LOAD build/Release/production/_ext/315774037/adc_callback.o
LOAD build/Release/production/_ext/2106492862/aes.o
LOAD build/Release/production/_ext/710023533/extint.o
LOAD build/Release/production/_ext/629492261/extint_callback.o
LOAD build/Release/production/_ext/2106479848/nvm.o
LOAD build/Release/production/_ext/876312722/port.o
LOAD build/Release/production/_ext/1342696791/rtc_count.o
LOAD build/Release/production/_ext/1342696791/rtc_count_interrupt.o
LOAD build/Release/production/_ext/992430548/i2c_master.o
LOAD build/Release/production/_ext/992430548/i2c_master_interrupt.o
LOAD build/Release/production/_ext/1599591659/spi.o
LOAD build/Release/production/_ext/388775292/usart.o
LOAD build/Release/production/_ext/388775292/usart_interrupt.o
LOAD build/Release/production/_ext/246296370/sercom.o
LOAD build/Release/production/_ext/246296370/sercom_interrupt.o
LOAD build/Release/production/_ext/28875481/clock.o
LOAD build/Release/production/_ext/28875481/gclk.o
LOAD build/Release/production/_ext/1234282992/system_interrupt.o
LOAD build/Release/production/_ext/980481618/pinmux.o
LOAD build/Release/production/_ext/227780132/system.o
LOAD build/Release/production/_ext/1695179149/tc.o
LOAD build/Release/production/_ext/760687460/tc_interrupt.o
LOAD build/Release/production/_ext/479890987/startup_samr34.o
LOAD build/Release/production/_ext/1210479411/system_samr34.o
LOAD build/Release/production/_ext/1312133662/read.o
LOAD build/Release/production/_ext/1312133662/write.o
LOAD build/Release/production/_ext/1284275751/syscalls.o
LOAD build/Release/production/_ext/679194198/sio2host.o
LOAD build/Release/production/_ext/1862283299/sleep.o
LOAD build/Release/production/_ext/807173283/sleep_timer.o
LOAD build/Release/production/_ext/119393643/radio_driver_hal.o
LOAD build/Release/production/_ext/119393643/sys.o
LOAD build/Release/production/_ext/1264825454/pmm.o
LOAD build/Release/production/_ext/1675565371/lorawan_mband_as.o
LOAD build/Release/production/_ext/1675565371/lorawan_mband_au.o
LOAD build/Release/production/_ext/1675565371/lorawan_mband_eu.o
LOAD build/Release/production/_ext/1675565371/lorawan_mband_in.o
LOAD build/Release/production/_ext/1675565371/lorawan_mband_jp.o
LOAD build/Release/production/_ext/1675565371/lorawan_mband_kr.o
LOAD build/Release/production/_ext/1675565371/lorawan_mband_na.o
LOAD build/Release/production/_ext/1675565371/lorawan_multiband.o
LOAD build/Release/production/_ext/1053212256/sal.o
LOAD build/Release/production/_ext/1568902280/aes_engine.o
LOAD build/Release/production/_ext/2058567524/edbg_eui.o
LOAD build/Release/production/_ext/1535893654/pds_interface.o
LOAD build/Release/production/_ext/1535893654/pds_nvm.o
LOAD build/Release/production/_ext/1535893654/pds_task_handler.o
LOAD build/Release/production/_ext/1535893654/pds_wl.o
LOAD build/Release/production/_ext/1939041988/LED.o
LOAD build/Release/production/_ext/1939041988/resources.o
LOAD build/Release/production/_ext/1939041988/temp_sensor.o
LOAD build/Release/production/_ext/1477882237/sw_timer.o
LOAD build/Release/production/_ext/1746776527/system_assert.o
LOAD build/Release/production/_ext/1746776527/system_init.o
LOAD build/Release/production/_ext/1746776527/system_low_power.o
LOAD build/Release/production/_ext/1746776527/system_task_manager.o
LOAD build/Release/production/_ext/1852300515/radio_driver_SX1276.o
LOAD build/Release/production/_ext/294023502/hw_timer.o
LOAD build/Release/production/_ext/1691084554/sam_nvm.o
LOAD build/Release/production/_ext/1360937237/lpp.o
LOAD build/Release/production/_ext/1360937237/sensor_data.o
LOAD build/Release/production/_ext/1360937237/TMP102.o
LOAD build/Release/production/_ext/1360937237/enddevice_cert.o
LOAD build/Release/production/_ext/1360937237/enddevice_demo.o
LOAD build/Release/production/_ext/1360937237/main.o
                0x00000001                __MPLAB_BUILD = 0x1
LOAD ../src/ASF/thirdparty/wireless/services/common_hw_timer/sam0/lib\libsam0_lib_hw_timer.a
LOAD ../src/ASF/thirdparty/wireless/lorawan/libgen/sam0/gcc\libLORAWAN_LIBGEN.a
LOAD ../src/ASF/thirdparty/CMSIS/Lib/GCC\libarm_cortexM0l_math.a
LOAD c:/program files (x86)/atmel/studio/7.0/toolchain/arm/arm-gnu-toolchain/bin/../lib/gcc/arm-none-eabi/6.3.1/../../../../arm-none-eabi/lib/thumb/v6-m\libm.a
START GROUP
LOAD c:/program files (x86)/atmel/studio/7.0/toolchain/arm/arm-gnu-toolchain/bin/../lib/gcc/arm-none-eabi/6.3.1/thumb/v6-m\libgcc.a
LOAD c:/program files (x86)/atmel/studio/7.0/toolchain/arm/arm-gnu-toolchain/bin/../lib/gcc/arm-none-eabi/6.3.1/../../../../arm-none-eabi/lib/thumb/v6-m\libc.a
END GROUP
LOAD c:/program files (x86)/atmel/studio/7.0/toolchain/arm/arm-gnu-toolchain/bin/../lib/gcc/arm-none-eabi/6.3.1/thumb/v6-m/crtend.o
LOAD c:/program files (x86)/atmel/studio/7.0/toolchain/arm/arm-gnu-toolchain/bin/../lib/gcc/arm-none-eabi/6.3.1/thumb/v6-m/crtn.o
                0x00002000                STACK_SIZE = DEFINED (STACK_SIZE)?STACK_SIZE:DEFINED (__stack_size__)?__stack_size__:0x2000

.text           0x00000000    0x1b444
                0x00000000                . = ALIGN (0x4)
                0x00000000                _sfixed = .
 *(.vectors .vectors.*)
 .vectors       0x00000000       0xb4 build/Release/production/_ext/479890987/startup_samr34.o
                0x00000000                exception_table
 *(.text .text.* .gnu.linkonce.t.*)
 .text          0x000000b4       0x60 c:/program files (x86)/atmel/studio/7.0/toolchain/arm/arm-gnu-toolchain/bin/../lib/gcc/arm-none-eabi/6.3.1/thumb/v6-m/crtbegin.o
 .text.cpu_irq_enter_critical
                0x00000114       0x34 build/Release/production/_ext/1939168694/interrupt_sam_nvic.o
                0x00000114                cpu_irq_enter_critical
 .text.cpu_irq_leave_critical
                0x00000148       0x30 build/Release/production/_ext/1939168694/interrupt_sam_nvic.o
                0x00000148                cpu_irq_leave_critical
 .text.delay_init
                0x00000178       0x40 build/Release/production/_ext/2004935951/systick_counter.o
                0x00000178                delay_init
 .text.delay_cycles_us
                0x000001b8       0x2c build/Release/production/_ext/2004935951/systick_counter.o
                0x000001b8                delay_cycles_us
 .text.delay_cycles_ms
                0x000001e4       0x2c build/Release/production/_ext/2004935951/systick_counter.o
                0x000001e4                delay_cycles_ms
 .text.system_board_init
                0x00000210       0x60 build/Release/production/_ext/1359342511/board_init.o
                0x00000210                board_init
                0x00000210                system_board_init
 .text.adc_is_syncing
                0x00000270        0xc build/Release/production/_ext/315774037/adc.o
 .text._adc_configure_ain_pin.isra.0
                0x0000027c       0x40 build/Release/production/_ext/315774037/adc.o
 .text._adc_get_inst_index
                0x000002bc        0x4 build/Release/production/_ext/315774037/adc.o
                0x000002bc                _adc_get_inst_index
 .text.adc_get_config_defaults
                0x000002c0       0x40 build/Release/production/_ext/315774037/adc.o
                0x000002c0                adc_get_config_defaults
 .text.adc_init
                0x00000300      0x2e8 build/Release/production/_ext/315774037/adc.o
                0x00000300                adc_init
 .text.adc_start_conversion
                0x000005e8       0x1a build/Release/production/_ext/315774037/adc_callback.o
 *fill*         0x00000602        0x2 
 .text.ADC_Handler
                0x00000604       0xac build/Release/production/_ext/315774037/adc_callback.o
                0x00000604                ADC_Handler
 .text.aes_get_config_defaults
                0x000006b0       0x1a build/Release/production/_ext/2106492862/aes.o
                0x000006b0                aes_get_config_defaults
 .text.aes_enable
                0x000006ca        0xc build/Release/production/_ext/2106492862/aes.o
                0x000006ca                aes_enable
 .text.aes_disable
                0x000006d6       0x16 build/Release/production/_ext/2106492862/aes.o
                0x000006d6                aes_disable
 .text.aes_set_config
                0x000006ec       0x70 build/Release/production/_ext/2106492862/aes.o
                0x000006ec                aes_set_config
 .text.aes_init
                0x0000075c       0x20 build/Release/production/_ext/2106492862/aes.o
                0x0000075c                aes_init
 .text.aes_write_key
                0x0000077c       0x2c build/Release/production/_ext/2106492862/aes.o
                0x0000077c                aes_write_key
 .text.aes_write_input_data
                0x000007a8       0x50 build/Release/production/_ext/2106492862/aes.o
                0x000007a8                aes_write_input_data
 .text.aes_read_output_data
                0x000007f8       0x50 build/Release/production/_ext/2106492862/aes.o
                0x000007f8                aes_read_output_data
 .text.extint_is_syncing
                0x00000848       0x18 build/Release/production/_ext/710023533/extint.o
 .text._extint_enable
                0x00000860       0x20 build/Release/production/_ext/710023533/extint.o
 .text._extint_disable
                0x00000880       0x20 build/Release/production/_ext/710023533/extint.o
 .text._system_extint_init
                0x000008a0       0x58 build/Release/production/_ext/710023533/extint.o
                0x000008a0                _system_extint_init
 .text.extint_chan_get_config_defaults
                0x000008f8       0x14 build/Release/production/_ext/710023533/extint.o
                0x000008f8                extint_chan_get_config_defaults
 .text.extint_chan_set_config
                0x0000090c       0x84 build/Release/production/_ext/710023533/extint.o
                0x0000090c                extint_chan_set_config
 .text.extint_register_callback
                0x00000990       0x28 build/Release/production/_ext/629492261/extint_callback.o
                0x00000990                extint_register_callback
 .text.extint_chan_enable_callback
                0x000009b8       0x20 build/Release/production/_ext/629492261/extint_callback.o
                0x000009b8                extint_chan_enable_callback
 .text.EIC_Handler
                0x000009d8       0x40 build/Release/production/_ext/629492261/extint_callback.o
                0x000009d8                EIC_Handler
 .text.nvm_is_ready
                0x00000a18       0x10 build/Release/production/_ext/2106479848/nvm.o
 .text.nvm_set_config
                0x00000a28       0x88 build/Release/production/_ext/2106479848/nvm.o
                0x00000a28                nvm_set_config
 .text.nvm_execute_command
                0x00000ab0       0xf0 build/Release/production/_ext/2106479848/nvm.o
                0x00000ab0                nvm_execute_command
 .text.nvm_write_buffer
                0x00000ba0       0xc4 build/Release/production/_ext/2106479848/nvm.o
                0x00000ba0                nvm_write_buffer
 .text.nvm_read_buffer
                0x00000c64       0x80 build/Release/production/_ext/2106479848/nvm.o
                0x00000c64                nvm_read_buffer
 .text.nvm_erase_row
                0x00000ce4       0xa0 build/Release/production/_ext/2106479848/nvm.o
                0x00000ce4                nvm_erase_row
 .text.nvm_get_parameters
                0x00000d84       0x5c build/Release/production/_ext/2106479848/nvm.o
                0x00000d84                nvm_get_parameters
 .text.port_pin_set_config
                0x00000de0       0x20 build/Release/production/_ext/876312722/port.o
                0x00000de0                port_pin_set_config
 .text.rtc_count_is_syncing
                0x00000e00        0xc build/Release/production/_ext/1342696791/rtc_count.o
 .text.rtc_count_enable
                0x00000e0c       0x30 build/Release/production/_ext/1342696791/rtc_count.o
                0x00000e0c                rtc_count_enable
 .text.rtc_count_disable
                0x00000e3c       0x3c build/Release/production/_ext/1342696791/rtc_count.o
                0x00000e3c                rtc_count_disable
 .text.rtc_count_reset
                0x00000e78       0x34 build/Release/production/_ext/1342696791/rtc_count.o
                0x00000e78                rtc_count_reset
 .text.rtc_count_set_count
                0x00000eac       0x40 build/Release/production/_ext/1342696791/rtc_count.o
                0x00000eac                rtc_count_set_count
 .text.rtc_count_get_count
                0x00000eec       0x28 build/Release/production/_ext/1342696791/rtc_count.o
                0x00000eec                rtc_count_get_count
 .text.rtc_count_set_compare
                0x00000f14       0x58 build/Release/production/_ext/1342696791/rtc_count.o
                0x00000f14                rtc_count_set_compare
 .text.rtc_count_init
                0x00000f6c       0x9c build/Release/production/_ext/1342696791/rtc_count.o
                0x00000f6c                rtc_count_init
 .text.rtc_count_register_callback
                0x00001008       0x38 build/Release/production/_ext/1342696791/rtc_count_interrupt.o
                0x00001008                rtc_count_register_callback
 .text.rtc_count_enable_callback
                0x00001040       0x3c build/Release/production/_ext/1342696791/rtc_count_interrupt.o
                0x00001040                rtc_count_enable_callback
 .text.rtc_count_disable_callback
                0x0000107c       0x38 build/Release/production/_ext/1342696791/rtc_count_interrupt.o
                0x0000107c                rtc_count_disable_callback
 .text.RTC_Handler
                0x000010b4       0x90 build/Release/production/_ext/1342696791/rtc_count_interrupt.o
                0x000010b4                RTC_Handler
 .text._i2c_master_wait_for_sync
                0x00001144        0xc build/Release/production/_ext/992430548/i2c_master.o
 .text.i2c_master_init
                0x00001150      0x2e8 build/Release/production/_ext/992430548/i2c_master.o
                0x00001150                i2c_master_init
 .text._i2c_master_address_response
                0x00001438       0x2c build/Release/production/_ext/992430548/i2c_master.o
                0x00001438                _i2c_master_address_response
 .text._i2c_master_wait_for_bus
                0x00001464       0x28 build/Release/production/_ext/992430548/i2c_master.o
                0x00001464                _i2c_master_wait_for_bus
 .text._i2c_master_send_hs_master_code
                0x0000148c       0x20 build/Release/production/_ext/992430548/i2c_master.o
                0x0000148c                _i2c_master_send_hs_master_code
 .text._i2c_master_read_packet
                0x000014ac      0x154 build/Release/production/_ext/992430548/i2c_master.o
 .text._i2c_master_write_packet
                0x00001600       0xc8 build/Release/production/_ext/992430548/i2c_master.o
 .text.i2c_master_read_packet_wait
                0x000016c8       0x20 build/Release/production/_ext/992430548/i2c_master.o
                0x000016c8                i2c_master_read_packet_wait
 .text.i2c_master_write_packet_wait_no_stop
                0x000016e8       0x20 build/Release/production/_ext/992430548/i2c_master.o
                0x000016e8                i2c_master_write_packet_wait_no_stop
 .text._i2c_master_wait_for_sync
                0x00001708        0xc build/Release/production/_ext/992430548/i2c_master_interrupt.o
 .text._i2c_master_read
                0x00001714       0x70 build/Release/production/_ext/992430548/i2c_master_interrupt.o
 .text._i2c_master_write
                0x00001784       0x3c build/Release/production/_ext/992430548/i2c_master_interrupt.o
 .text._i2c_master_interrupt_handler
                0x000017c0      0x18c build/Release/production/_ext/992430548/i2c_master_interrupt.o
                0x000017c0                _i2c_master_interrupt_handler
 .text.spi_write
                0x0000194c       0x14 build/Release/production/_ext/1599591659/spi.o
 .text.port_pin_set_output_level
                0x00001960       0x2c build/Release/production/_ext/1599591659/spi.o
 .text.spi_read
                0x0000198c       0x30 build/Release/production/_ext/1599591659/spi.o
 .text.spi_init
                0x000019bc      0x2a4 build/Release/production/_ext/1599591659/spi.o
                0x000019bc                spi_init
 .text.spi_select_slave
                0x00001c60       0x7c build/Release/production/_ext/1599591659/spi.o
                0x00001c60                spi_select_slave
 .text.usart_init
                0x00001cdc      0x2d8 build/Release/production/_ext/388775292/usart.o
                0x00001cdc                usart_init
 .text.usart_write_wait
                0x00001fb4       0x22 build/Release/production/_ext/388775292/usart.o
                0x00001fb4                usart_write_wait
 .text.usart_read_wait
                0x00001fd6       0x68 build/Release/production/_ext/388775292/usart.o
                0x00001fd6                usart_read_wait
 *fill*         0x0000203e        0x2 
 .text.usart_read_buffer_wait
                0x00002040       0x78 build/Release/production/_ext/388775292/usart.o
                0x00002040                usart_read_buffer_wait
 .text._usart_interrupt_handler
                0x000020b8      0x168 build/Release/production/_ext/388775292/usart_interrupt.o
                0x000020b8                _usart_interrupt_handler
 .text.long_division
                0x00002220       0x6c build/Release/production/_ext/246296370/sercom.o
 .text._sercom_get_sync_baud_val
                0x0000228c       0x28 build/Release/production/_ext/246296370/sercom.o
                0x0000228c                _sercom_get_sync_baud_val
 .text._sercom_get_async_baud_val
                0x000022b4       0x98 build/Release/production/_ext/246296370/sercom.o
                0x000022b4                _sercom_get_async_baud_val
 .text.sercom_set_gclk_generator
                0x0000234c       0x44 build/Release/production/_ext/246296370/sercom.o
                0x0000234c                sercom_set_gclk_generator
 .text._sercom_get_default_pad
                0x00002390      0x144 build/Release/production/_ext/246296370/sercom.o
                0x00002390                _sercom_get_default_pad
 .text._sercom_get_sercom_inst_index
                0x000024d4       0x30 build/Release/production/_ext/246296370/sercom.o
                0x000024d4                _sercom_get_sercom_inst_index
 .text._sercom_default_handler
                0x00002504        0x2 build/Release/production/_ext/246296370/sercom_interrupt.o
 *fill*         0x00002506        0x2 
 .text._sercom_set_handler
                0x00002508       0x38 build/Release/production/_ext/246296370/sercom_interrupt.o
                0x00002508                _sercom_set_handler
 .text._sercom_get_interrupt_vector
                0x00002540       0x2c build/Release/production/_ext/246296370/sercom_interrupt.o
                0x00002540                _sercom_get_interrupt_vector
 .text.SERCOM0_Handler
                0x0000256c       0x10 build/Release/production/_ext/246296370/sercom_interrupt.o
                0x0000256c                SERCOM0_Handler
 .text.SERCOM1_Handler
                0x0000257c       0x10 build/Release/production/_ext/246296370/sercom_interrupt.o
                0x0000257c                SERCOM1_Handler
 .text.SERCOM2_Handler
                0x0000258c       0x10 build/Release/production/_ext/246296370/sercom_interrupt.o
                0x0000258c                SERCOM2_Handler
 .text.SERCOM3_Handler
                0x0000259c       0x10 build/Release/production/_ext/246296370/sercom_interrupt.o
                0x0000259c                SERCOM3_Handler
 .text.SERCOM4_Handler
                0x000025ac       0x10 build/Release/production/_ext/246296370/sercom_interrupt.o
                0x000025ac                SERCOM4_Handler
 .text.SERCOM5_Handler
                0x000025bc       0x10 build/Release/production/_ext/246296370/sercom_interrupt.o
                0x000025bc                SERCOM5_Handler
 .text._system_dfll_wait_for_sync
                0x000025cc       0x14 build/Release/production/_ext/28875481/clock.o
 .text.system_switch_performance_level
                0x000025e0       0x28 build/Release/production/_ext/28875481/clock.o
 .text.system_clock_source_get_hz
                0x00002608       0x8c build/Release/production/_ext/28875481/clock.o
                0x00002608                system_clock_source_get_hz
 .text.system_clock_source_osc16m_set_config
                0x00002694       0x34 build/Release/production/_ext/28875481/clock.o
                0x00002694                system_clock_source_osc16m_set_config
 .text.system_clock_source_xosc32k_set_config
                0x000026c8       0x8c build/Release/production/_ext/28875481/clock.o
                0x000026c8                system_clock_source_xosc32k_set_config
 .text.system_clock_source_dfll_set_config
                0x00002754       0x80 build/Release/production/_ext/28875481/clock.o
                0x00002754                system_clock_source_dfll_set_config
 .text.system_clock_source_enable
                0x000027d4       0xa0 build/Release/production/_ext/28875481/clock.o
                0x000027d4                system_clock_source_enable
 .text.system_clock_source_disable
                0x00002874       0x7c build/Release/production/_ext/28875481/clock.o
                0x00002874                system_clock_source_disable
 .text.system_clock_init
                0x000028f0      0x1d0 build/Release/production/_ext/28875481/clock.o
                0x000028f0                system_clock_init
 .text.system_gclk_is_syncing
                0x00002ac0       0x20 build/Release/production/_ext/28875481/gclk.o
 .text.system_gclk_init
                0x00002ae0       0x20 build/Release/production/_ext/28875481/gclk.o
                0x00002ae0                system_gclk_init
 .text.system_gclk_gen_set_config
                0x00002b00       0x98 build/Release/production/_ext/28875481/gclk.o
                0x00002b00                system_gclk_gen_set_config
 .text.system_gclk_gen_enable
                0x00002b98       0x38 build/Release/production/_ext/28875481/gclk.o
                0x00002b98                system_gclk_gen_enable
 .text.system_gclk_gen_get_hz
                0x00002bd0       0x68 build/Release/production/_ext/28875481/gclk.o
                0x00002bd0                system_gclk_gen_get_hz
 .text.system_gclk_chan_enable
                0x00002c38       0x30 build/Release/production/_ext/28875481/gclk.o
                0x00002c38                system_gclk_chan_enable
 .text.system_gclk_chan_disable
                0x00002c68       0x30 build/Release/production/_ext/28875481/gclk.o
                0x00002c68                system_gclk_chan_disable
 .text.system_gclk_chan_set_config
                0x00002c98       0x24 build/Release/production/_ext/28875481/gclk.o
                0x00002c98                system_gclk_chan_set_config
 .text.system_gclk_chan_get_hz
                0x00002cbc       0x30 build/Release/production/_ext/28875481/gclk.o
                0x00002cbc                system_gclk_chan_get_hz
 .text._system_pinmux_config
                0x00002cec       0x84 build/Release/production/_ext/980481618/pinmux.o
 .text.system_pinmux_pin_set_config
                0x00002d70       0x2c build/Release/production/_ext/980481618/pinmux.o
                0x00002d70                system_pinmux_pin_set_config
 .text._system_dummy_init
                0x00002d9c        0x2 build/Release/production/_ext/227780132/system.o
                0x00002d9c                _system_events_init
                0x00002d9c                _system_dummy_init
                0x00002d9c                _system_divas_init
 *fill*         0x00002d9e        0x2 
 .text.system_init
                0x00002da0       0x2c build/Release/production/_ext/227780132/system.o
                0x00002da0                system_init
 .text.system_apb_clock_set_mask
                0x00002dcc       0x44 build/Release/production/_ext/1695179149/tc.o
 .text._tc_get_inst_index
                0x00002e10       0x30 build/Release/production/_ext/1695179149/tc.o
                0x00002e10                _tc_get_inst_index
 .text.tc_init  0x00002e40      0x278 build/Release/production/_ext/1695179149/tc.o
                0x00002e40                tc_init
 .text.tc_get_count_value
                0x000030b8       0x3e build/Release/production/_ext/1695179149/tc.o
                0x000030b8                tc_get_count_value
 .text.tc_set_compare_value
                0x000030f6       0x78 build/Release/production/_ext/1695179149/tc.o
                0x000030f6                tc_set_compare_value
 .text.tc_register_callback
                0x0000316e       0x26 build/Release/production/_ext/760687460/tc_interrupt.o
                0x0000316e                tc_register_callback
 .text._tc_interrupt_handler
                0x00003194       0x5c build/Release/production/_ext/760687460/tc_interrupt.o
                0x00003194                _tc_interrupt_handler
 .text.TC0_Handler
                0x000031f0       0x10 build/Release/production/_ext/760687460/tc_interrupt.o
                0x000031f0                TC0_Handler
 .text.TC1_Handler
                0x00003200       0x10 build/Release/production/_ext/760687460/tc_interrupt.o
                0x00003200                TC1_Handler
 .text.TC2_Handler
                0x00003210       0x10 build/Release/production/_ext/760687460/tc_interrupt.o
                0x00003210                TC2_Handler
 .text.TC3_Handler
                0x00003220       0x10 build/Release/production/_ext/760687460/tc_interrupt.o
                0x00003220                TC3_Handler
 .text.TC4_Handler
                0x00003230       0x10 build/Release/production/_ext/760687460/tc_interrupt.o
                0x00003230                TC4_Handler
 .text.Reset_Handler
                0x00003240       0x70 build/Release/production/_ext/479890987/startup_samr34.o
                0x00003240                Reset_Handler
 .text.Dummy_Handler
                0x000032b0       0x14 build/Release/production/_ext/479890987/startup_samr34.o
                0x000032b0                DMAC_Handler
                0x000032b0                TRNG_Handler
                0x000032b0                HardFault_Handler
                0x000032b0                AC_Handler
                0x000032b0                SysTick_Handler
                0x000032b0                PendSV_Handler
                0x000032b0                NMI_Handler
                0x000032b0                TCC1_Handler
                0x000032b0                TCC0_Handler
                0x000032b0                WDT_Handler
                0x000032b0                USB_Handler
                0x000032b0                Dummy_Handler
                0x000032b0                SVC_Handler
                0x000032b0                TCC2_Handler
                0x000032b0                EVSYS_Handler
                0x000032b0                NVMCTRL_Handler
                0x000032b0                SYSTEM_Handler
                0x000032b0                DAC_Handler
                0x000032b0                PTC_Handler
                0x000032b0                AES_Handler
 .text._read    0x000032c4       0x38 build/Release/production/_ext/1312133662/read.o
                0x000032c4                _read
 .text._write   0x000032fc       0x34 build/Release/production/_ext/1312133662/write.o
                0x000032fc                _write
 .text._sbrk    0x00003330       0x20 build/Release/production/_ext/1284275751/syscalls.o
                0x00003330                _sbrk
 .text._close   0x00003350        0x6 build/Release/production/_ext/1284275751/syscalls.o
                0x00003350                _close
 .text._fstat   0x00003356        0xa build/Release/production/_ext/1284275751/syscalls.o
                0x00003356                _fstat
 .text._isatty  0x00003360        0x4 build/Release/production/_ext/1284275751/syscalls.o
                0x00003360                _isatty
 .text._lseek   0x00003364        0x4 build/Release/production/_ext/1284275751/syscalls.o
                0x00003364                _lseek
 .text.usart_serial_getchar
                0x00003368       0x24 build/Release/production/_ext/679194198/sio2host.o
 .text.usart_serial_putchar
                0x0000338c       0x18 build/Release/production/_ext/679194198/sio2host.o
 .text.USART_HOST_ISR_VECT
                0x000033a4       0x54 build/Release/production/_ext/679194198/sio2host.o
                0x000033a4                USART_HOST_ISR_VECT
 .text._usart_wait_for_sync.constprop.7
                0x000033f8       0x10 build/Release/production/_ext/679194198/sio2host.o
 .text.usart_enable.constprop.6
                0x00003408       0x38 build/Release/production/_ext/679194198/sio2host.o
 .text.usart_disable.constprop.5
                0x00003440       0x38 build/Release/production/_ext/679194198/sio2host.o
 .text.sio2host_init
                0x00003478      0x12c build/Release/production/_ext/679194198/sio2host.o
                0x00003478                sio2host_init
 .text.sio2host_deinit
                0x000035a4       0x40 build/Release/production/_ext/679194198/sio2host.o
                0x000035a4                sio2host_deinit
 .text.HAL_Sleep
                0x000035e4       0x30 build/Release/production/_ext/1862283299/sleep.o
                0x000035e4                HAL_Sleep
 .text.SleepTimerInit
                0x00003614       0x3c build/Release/production/_ext/807173283/sleep_timer.o
                0x00003614                SleepTimerInit
 .text.SleepTimerGetElapsedTime
                0x00003650       0x14 build/Release/production/_ext/807173283/sleep_timer.o
                0x00003650                SleepTimerGetElapsedTime
 .text.SleepTimerStart
                0x00003664       0x44 build/Release/production/_ext/807173283/sleep_timer.o
                0x00003664                SleepTimerStart
 .text.SleepTimerStop
                0x000036a8       0x14 build/Release/production/_ext/807173283/sleep_timer.o
                0x000036a8                SleepTimerStop
 .text.HAL_ResetPinMakeOutput
                0x000036bc       0x1c build/Release/production/_ext/119393643/radio_driver_hal.o
 .text.HAL_RadioDIO2Callback
                0x000036d8       0x1c build/Release/production/_ext/119393643/radio_driver_hal.o
 .text.HAL_RadioDIO1Callback
                0x000036f4       0x1c build/Release/production/_ext/119393643/radio_driver_hal.o
 .text.HAL_RadioDIO0Callback
                0x00003710       0x1c build/Release/production/_ext/119393643/radio_driver_hal.o
 .text.HAL_SPICSAssert
                0x0000372c       0x1c build/Release/production/_ext/119393643/radio_driver_hal.o
 .text.HAL_SPICSDeassert
                0x00003748       0x1c build/Release/production/_ext/119393643/radio_driver_hal.o
 .text.HAL_SPISend
                0x00003764       0x50 build/Release/production/_ext/119393643/radio_driver_hal.o
 .text.HAL_RadioInit
                0x000037b4      0x1ac build/Release/production/_ext/119393643/radio_driver_hal.o
                0x000037b4                HAL_RadioInit
 .text.HAL_Radio_resources_init
                0x00003960       0x20 build/Release/production/_ext/119393643/radio_driver_hal.o
                0x00003960                HAL_Radio_resources_init
 .text.HAL_RadioDeInit
                0x00003980       0x20 build/Release/production/_ext/119393643/radio_driver_hal.o
                0x00003980                HAL_RadioDeInit
 .text.RADIO_Reset
                0x000039a0       0x44 build/Release/production/_ext/119393643/radio_driver_hal.o
                0x000039a0                RADIO_Reset
 .text.RADIO_RegisterWrite
                0x000039e4       0x28 build/Release/production/_ext/119393643/radio_driver_hal.o
                0x000039e4                RADIO_RegisterWrite
 .text.RADIO_RegisterRead
                0x00003a0c       0x2c build/Release/production/_ext/119393643/radio_driver_hal.o
                0x00003a0c                RADIO_RegisterRead
 .text.RADIO_FrameWrite
                0x00003a38       0x34 build/Release/production/_ext/119393643/radio_driver_hal.o
                0x00003a38                RADIO_FrameWrite
 .text.RADIO_FrameRead
                0x00003a6c       0x34 build/Release/production/_ext/119393643/radio_driver_hal.o
                0x00003a6c                RADIO_FrameRead
 .text.HAL_RegisterDioInterruptHandler
                0x00003aa0       0x28 build/Release/production/_ext/119393643/radio_driver_hal.o
                0x00003aa0                HAL_RegisterDioInterruptHandler
 .text.HAL_EnableRFCtrl
                0x00003ac8       0x28 build/Release/production/_ext/119393643/radio_driver_hal.o
                0x00003ac8                HAL_EnableRFCtrl
 .text.HAL_DisableRFCtrl
                0x00003af0       0x18 build/Release/production/_ext/119393643/radio_driver_hal.o
                0x00003af0                HAL_DisableRFCtrl
 .text.HAL_GetRadioClkStabilizationDelay
                0x00003b08        0x4 build/Release/production/_ext/119393643/radio_driver_hal.o
                0x00003b08                HAL_GetRadioClkStabilizationDelay
 .text.HAL_GetRadioClkSrc
                0x00003b0c        0x4 build/Release/production/_ext/119393643/radio_driver_hal.o
                0x00003b0c                HAL_GetRadioClkSrc
 .text.HAL_TCXOPowerOn
                0x00003b10       0x1c build/Release/production/_ext/119393643/radio_driver_hal.o
                0x00003b10                HAL_TCXOPowerOn
 .text.HAL_TCXOPowerOff
                0x00003b2c       0x10 build/Release/production/_ext/119393643/radio_driver_hal.o
                0x00003b2c                HAL_TCXOPowerOff
 .text.SystemBlockingWaitMs
                0x00003b3c       0x18 build/Release/production/_ext/119393643/sys.o
                0x00003b3c                SystemBlockingWaitMs
 .text.system_enter_critical_section
                0x00003b54        0xc build/Release/production/_ext/119393643/sys.o
                0x00003b54                system_enter_critical_section
 .text.system_leave_critical_section
                0x00003b60        0xc build/Release/production/_ext/119393643/sys.o
                0x00003b60                system_leave_critical_section
 .text.PMM_Wakeup
                0x00003b6c       0x7c build/Release/production/_ext/1264825454/pmm.o
                0x00003b6c                PMM_Wakeup
 .text.PMM_Sleep
                0x00003be8       0xf0 build/Release/production/_ext/1264825454/pmm.o
                0x00003be8                PMM_Sleep
 .text.LorawanReg_AS_Pds_Cb
                0x00003cd8        0x2 build/Release/production/_ext/1675565371/lorawan_mband_as.o
                0x00003cd8                LorawanReg_AS_Pds_Cb
 *fill*         0x00003cda        0x2 
 .text.LORAReg_InitAS
                0x00003cdc      0x2b4 build/Release/production/_ext/1675565371/lorawan_mband_as.o
                0x00003cdc                LORAReg_InitAS
 .text.LorawanReg_AU_Pds_Cb
                0x00003f90        0x2 build/Release/production/_ext/1675565371/lorawan_mband_au.o
                0x00003f90                LorawanReg_AU_Pds_Cb
 *fill*         0x00003f92        0x2 
 .text.LORAReg_InitAU
                0x00003f94      0x220 build/Release/production/_ext/1675565371/lorawan_mband_au.o
                0x00003f94                LORAReg_InitAU
 .text.LorawanReg_EU868_Pds_Cb
                0x000041b4        0x2 build/Release/production/_ext/1675565371/lorawan_mband_eu.o
                0x000041b4                LorawanReg_EU868_Pds_Cb
 *fill*         0x000041b6        0x2 
 .text.LORAReg_InitEU
                0x000041b8      0x2fc build/Release/production/_ext/1675565371/lorawan_mband_eu.o
                0x000041b8                LORAReg_InitEU
 .text.LorawanReg_IND_Pds_Cb
                0x000044b4        0x2 build/Release/production/_ext/1675565371/lorawan_mband_in.o
                0x000044b4                LorawanReg_IND_Pds_Cb
 *fill*         0x000044b6        0x2 
 .text.LORAReg_InitIN
                0x000044b8      0x224 build/Release/production/_ext/1675565371/lorawan_mband_in.o
                0x000044b8                LORAReg_InitIN
 .text.LorawanReg_JPN_Pds_Cb
                0x000046dc        0x2 build/Release/production/_ext/1675565371/lorawan_mband_jp.o
                0x000046dc                LorawanReg_JPN_Pds_Cb
 *fill*         0x000046de        0x2 
 .text.LORAReg_InitJP
                0x000046e0      0x2c0 build/Release/production/_ext/1675565371/lorawan_mband_jp.o
                0x000046e0                LORAReg_InitJP
 .text.LorawanReg_KR_Pds_Cb
                0x000049a0        0x2 build/Release/production/_ext/1675565371/lorawan_mband_kr.o
                0x000049a0                LorawanReg_KR_Pds_Cb
 *fill*         0x000049a2        0x2 
 .text.LORAReg_InitKR
                0x000049a4      0x2d0 build/Release/production/_ext/1675565371/lorawan_mband_kr.o
                0x000049a4                LORAReg_InitKR
 .text.LorawanReg_NA_Pds_Cb
                0x00004c74        0x2 build/Release/production/_ext/1675565371/lorawan_mband_na.o
                0x00004c74                LorawanReg_NA_Pds_Cb
 *fill*         0x00004c76        0x2 
 .text.LORAReg_InitNA
                0x00004c78      0x224 build/Release/production/_ext/1675565371/lorawan_mband_na.o
                0x00004c78                LORAReg_InitNA
 .text.InValidGetAttr
                0x00004e9c        0x4 build/Release/production/_ext/1675565371/lorawan_multiband.o
                0x00004e9c                InValidGetAttr
 .text.InValidAttr
                0x00004ea0        0x4 build/Release/production/_ext/1675565371/lorawan_multiband.o
                0x00004ea0                InValidAttr
 .text.LORAREG_GetAttr_RxWindowSizeT2
                0x00004ea4       0x3c build/Release/production/_ext/1675565371/lorawan_multiband.o
 .text.LORAREG_GetAttr_RxWindowOffsetT2
                0x00004ee0       0x38 build/Release/production/_ext/1675565371/lorawan_multiband.o
 .text.LORAREG_GetAttr_MaxPayloadT2
                0x00004f18       0x34 build/Release/production/_ext/1675565371/lorawan_multiband.o
 .text.LORAREG_GetAttr_MaxPayloadT3
                0x00004f4c       0x48 build/Release/production/_ext/1675565371/lorawan_multiband.o
 .text.LORAREG_GetAttr_SpreadFactorT2
                0x00004f94       0x34 build/Release/production/_ext/1675565371/lorawan_multiband.o
 .text.LORAREG_GetAttr_MaxChannel
                0x00004fc8       0x10 build/Release/production/_ext/1675565371/lorawan_multiband.o
 .text.LORAREG_GetAttr_MinNewChIndex
                0x00004fd8       0x18 build/Release/production/_ext/1675565371/lorawan_multiband.o
 .text.LORAREG_GetAttr_ModulationAttrT2
                0x00004ff0       0x34 build/Release/production/_ext/1675565371/lorawan_multiband.o
 .text.LORAREG_GetAttr_BandwidthAttrT2
                0x00005024       0x34 build/Release/production/_ext/1675565371/lorawan_multiband.o
 .text.LORAREG_GetAttr_DefRx1DataRate
                0x00005058       0x10 build/Release/production/_ext/1675565371/lorawan_multiband.o
 .text.LORAREG_GetAttr_DefRx2DataRate
                0x00005068       0x10 build/Release/production/_ext/1675565371/lorawan_multiband.o
 .text.LORAREG_GetAttr_RegFeatures
                0x00005078       0x10 build/Release/production/_ext/1675565371/lorawan_multiband.o
 .text.LORAREG_GetAttr_DataRange
                0x00005088       0x4c build/Release/production/_ext/1675565371/lorawan_multiband.o
 .text.LORAREG_GetAttr_ChIdStatus
                0x000050d4       0x48 build/Release/production/_ext/1675565371/lorawan_multiband.o
 .text.LORAREG_GetAttr_DutyCycleT1
                0x0000511c        0xa build/Release/production/_ext/1675565371/lorawan_multiband.o
 .text.LORAREG_GetAttr_MinDutyCycleTimer
                0x00005126        0xa build/Release/production/_ext/1675565371/lorawan_multiband.o
 .text.LORAREG_GetAttr_MacRecvDelay1
                0x00005130        0xa build/Release/production/_ext/1675565371/lorawan_multiband.o
 *fill*         0x0000513a        0x2 
 .text.LORAREG_GetAttr_MacJoinAcptDelay1
                0x0000513c        0xc build/Release/production/_ext/1675565371/lorawan_multiband.o
 .text.LORAREG_GetAttr_MacJoinAcptDelay2
                0x00005148        0xc build/Release/production/_ext/1675565371/lorawan_multiband.o
 .text.LORAREG_GetAttr_MacAckTimeout
                0x00005154        0xa build/Release/production/_ext/1675565371/lorawan_multiband.o
 .text.LORAREG_GetAttr_MacAdrAckDelay
                0x0000515e        0x8 build/Release/production/_ext/1675565371/lorawan_multiband.o
 .text.LORAREG_GetAttr_MacAdrAckLimit
                0x00005166        0x8 build/Release/production/_ext/1675565371/lorawan_multiband.o
 .text.LORAREG_GetAttr_MacMaxFcntGap
                0x0000516e        0xa build/Release/production/_ext/1675565371/lorawan_multiband.o
 .text.LORAREG_GetAttr_RegDefTxPwr
                0x00005178       0x10 build/Release/production/_ext/1675565371/lorawan_multiband.o
 .text.LORAREG_GetAttr_RegDefTxDR
                0x00005188       0x10 build/Release/production/_ext/1675565371/lorawan_multiband.o
 .text.LORAREG_GetAttr_CurChIndx
                0x00005198       0x10 build/Release/production/_ext/1675565371/lorawan_multiband.o
 .text.LORAREG_GetAttr_DefLBTParams
                0x000051a8       0x2c build/Release/production/_ext/1675565371/lorawan_multiband.o
 .text.ValidateDataRateTxT1
                0x000051d4       0x18 build/Release/production/_ext/1675565371/lorawan_multiband.o
 .text.ValidateDataRateTxT2
                0x000051ec       0x2c build/Release/production/_ext/1675565371/lorawan_multiband.o
 .text.ValidateDataRateRxT1
                0x00005218       0x24 build/Release/production/_ext/1675565371/lorawan_multiband.o
 .text.LORAREG_GetAttr_SpreadFactorT1
                0x0000523c       0x4c build/Release/production/_ext/1675565371/lorawan_multiband.o
 .text.LORAREG_GetAttr_BandwidthAttrT1
                0x00005288       0x4c build/Release/production/_ext/1675565371/lorawan_multiband.o
 .text.LORAREG_GetAttr_ModulationAttrT1
                0x000052d4       0x4c build/Release/production/_ext/1675565371/lorawan_multiband.o
 .text.LORAREG_GetAttr_MaxPayloadT1
                0x00005320       0x4c build/Release/production/_ext/1675565371/lorawan_multiband.o
 .text.LORAREG_GetAttr_RxWindowOffsetT1
                0x0000536c       0x4c build/Release/production/_ext/1675565371/lorawan_multiband.o
 .text.LORAREG_GetAttr_RxWindowSizeT1
                0x000053b8       0x50 build/Release/production/_ext/1675565371/lorawan_multiband.o
 .text.ValidateDataRateRxT2
                0x00005408       0x2c build/Release/production/_ext/1675565371/lorawan_multiband.o
 .text.ValidateChannelId
                0x00005434       0x18 build/Release/production/_ext/1675565371/lorawan_multiband.o
 .text.ValidateChannelIdT2
                0x0000544c       0x2c build/Release/production/_ext/1675565371/lorawan_multiband.o
 .text.LORAREG_GetAttr_DutyCycleT2
                0x00005478       0x44 build/Release/production/_ext/1675565371/lorawan_multiband.o
 .text.LORAREG_GetAttr_MinMaxDr
                0x000054bc       0x6c build/Release/production/_ext/1675565371/lorawan_multiband.o
 .text.ValidateChannelMaskCntl
                0x00005528       0x10 build/Release/production/_ext/1675565371/lorawan_multiband.o
 .text.ValidateChMaskChCntl
                0x00005538       0x34 build/Release/production/_ext/1675565371/lorawan_multiband.o
 .text.ValidateTxPower
                0x0000556c       0x18 build/Release/production/_ext/1675565371/lorawan_multiband.o
 .text.ValidateChannelMask
                0x00005584        0x4 build/Release/production/_ext/1675565371/lorawan_multiband.o
 .text.ValidateChannelMaskT2
                0x00005588       0x50 build/Release/production/_ext/1675565371/lorawan_multiband.o
 .text.ValidateChannelMaskCntlT2
                0x000055d8       0x10 build/Release/production/_ext/1675565371/lorawan_multiband.o
 .text.ValidateChMaskChCntlT2
                0x000055e8       0x48 build/Release/production/_ext/1675565371/lorawan_multiband.o
 .text.ValidateDataRate
                0x00005630       0x18 build/Release/production/_ext/1675565371/lorawan_multiband.o
 .text.ValidateSupportedDr
                0x00005648       0x50 build/Release/production/_ext/1675565371/lorawan_multiband.o
 .text.ValidateRxFreqT1
                0x00005698       0x30 build/Release/production/_ext/1675565371/lorawan_multiband.o
 .text.ValidateDataRange
                0x000056c8       0x58 build/Release/production/_ext/1675565371/lorawan_multiband.o
 .text.ValidateDataRangeT2
                0x00005720       0x28 build/Release/production/_ext/1675565371/lorawan_multiband.o
 .text.ValidateRx1DataRateOffset
                0x00005748       0x18 build/Release/production/_ext/1675565371/lorawan_multiband.o
 .text.getSubBandId
                0x00005760       0x68 build/Release/production/_ext/1675565371/lorawan_multiband.o
 .text.ValidateFreq
                0x000057c8       0x18 build/Release/production/_ext/1675565371/lorawan_multiband.o
 .text.ValidateFrequencyAS
                0x000057e0       0x7c build/Release/production/_ext/1675565371/lorawan_multiband.o
 .text.setTxParams
                0x0000585c       0x30 build/Release/production/_ext/1675565371/lorawan_multiband.o
 .text.setChlistDefaultState
                0x0000588c       0x5c build/Release/production/_ext/1675565371/lorawan_multiband.o
 .text.setEnableAllChs
                0x000058e8       0x6c build/Release/production/_ext/1675565371/lorawan_multiband.o
 .text.setJoinSuccess
                0x00005954       0x78 build/Release/production/_ext/1675565371/lorawan_multiband.o
 .text.setDataRange
                0x000059cc       0x70 build/Release/production/_ext/1675565371/lorawan_multiband.o
 .text.UpdateChannelIdStatusT3
                0x00005a3c       0x78 build/Release/production/_ext/1675565371/lorawan_multiband.o
 .text.setDataRangeT2
                0x00005ab4       0xb4 build/Release/production/_ext/1675565371/lorawan_multiband.o
 .text.LORAREG_GetAttr_JoinDutyCycleRemainingTime
                0x00005b68       0x9c build/Release/production/_ext/1675565371/lorawan_multiband.o
 .text.LORAREG_GetAttr_Rx1WindowparamsType1
                0x00005c04       0x9c build/Release/production/_ext/1675565371/lorawan_multiband.o
 .text.LORAREG_GetAttr_DRangeChBandT1
                0x00005ca0      0x128 build/Release/production/_ext/1675565371/lorawan_multiband.o
 .text.LORAREG_GetAttr_DefRx2Freq
                0x00005dc8       0x18 build/Release/production/_ext/1675565371/lorawan_multiband.o
 .text.LORAREG_GetAttr_DlFrequency
                0x00005de0       0x44 build/Release/production/_ext/1675565371/lorawan_multiband.o
 .text.LORAREG_GetAttr_DutyCycleTimer
                0x00005e24      0x168 build/Release/production/_ext/1675565371/lorawan_multiband.o
 .text.LORAREG_GetAttr_DRangeChBandT2
                0x00005f8c       0xdc build/Release/production/_ext/1675565371/lorawan_multiband.o
 .text.LORAREG_GetAttr_Rx1WindowparamsType4
                0x00006068       0xa4 build/Release/production/_ext/1675565371/lorawan_multiband.o
 .text.LORAREG_GetAttr_FreqT3
                0x0000610c       0x40 build/Release/production/_ext/1675565371/lorawan_multiband.o
 .text.LORAREG_GetAttr_FreqT2
                0x0000614c        0xc build/Release/production/_ext/1675565371/lorawan_multiband.o
 .text.LORAREG_GetAttr_minLBTChPauseTimer
                0x00006158       0xa8 build/Release/production/_ext/1675565371/lorawan_multiband.o
 .text.ValidateTxFreqT2
                0x00006200       0x20 build/Release/production/_ext/1675565371/lorawan_multiband.o
 .text.ValidateFreqIN
                0x00006220       0x28 build/Release/production/_ext/1675565371/lorawan_multiband.o
 .text.ValidateFreqJP
                0x00006248       0x28 build/Release/production/_ext/1675565371/lorawan_multiband.o
 .text.ValidateFreqKR
                0x00006270       0x34 build/Release/production/_ext/1675565371/lorawan_multiband.o
 .text.setDlFrequency
                0x000062a4       0x98 build/Release/production/_ext/1675565371/lorawan_multiband.o
 .text.setFrequency
                0x0000633c      0x118 build/Release/production/_ext/1675565371/lorawan_multiband.o
 .text.setDutyCycle
                0x00006454       0xcc build/Release/production/_ext/1675565371/lorawan_multiband.o
 .text.SearchAvailableChannel2
                0x00006520      0x184 build/Release/production/_ext/1675565371/lorawan_multiband.o
 .text.LORAREG_GetAttr_FreeChannel2
                0x000066a4       0x28 build/Release/production/_ext/1675565371/lorawan_multiband.o
 .text.LORAREG_GetAttr_NewTxChConfigT2
                0x000066cc       0xd8 build/Release/production/_ext/1675565371/lorawan_multiband.o
 .text.setJoinDutyCycleTimer
                0x000067a4      0x238 build/Release/production/_ext/1675565371/lorawan_multiband.o
 .text.setDutyCycleTimer
                0x000069dc      0x2fc build/Release/production/_ext/1675565371/lorawan_multiband.o
 .text.DutyCycleCallback
                0x00006cd8      0x1f8 build/Release/production/_ext/1675565371/lorawan_multiband.o
 .text.setLBTTimer
                0x00006ed0      0x19c build/Release/production/_ext/1675565371/lorawan_multiband.o
 .text.LBTChannelPauseCallback
                0x0000706c      0x124 build/Release/production/_ext/1675565371/lorawan_multiband.o
 .text.JoinDutyCycleCallback
                0x00007190       0xc8 build/Release/production/_ext/1675565371/lorawan_multiband.o
                0x00007190                JoinDutyCycleCallback
 .text.JoinBackoffCallback
                0x00007258       0x44 build/Release/production/_ext/1675565371/lorawan_multiband.o
                0x00007258                JoinBackoffCallback
 .text.LORAREG_GetAttr_Rx1WindowparamsType2
                0x0000729c       0x60 build/Release/production/_ext/1675565371/lorawan_multiband.o
 .text.LORAREG_GetAttr_Rx1WindowparamsType3
                0x000072fc       0x74 build/Release/production/_ext/1675565371/lorawan_multiband.o
 .text.SearchAvailableChannel1.isra.2
                0x00007370      0x17c build/Release/production/_ext/1675565371/lorawan_multiband.o
 .text.LORAREG_GetAttr_FreeChannel1
                0x000074ec       0x28 build/Release/production/_ext/1675565371/lorawan_multiband.o
 .text.LORAREG_GetAttr_NewTxChConfigT1
                0x00007514      0x180 build/Release/production/_ext/1675565371/lorawan_multiband.o
 .text.UpdateChannelIdStatus
                0x00007694       0x68 build/Release/production/_ext/1675565371/lorawan_multiband.o
 .text.EnableChannels2
                0x000076fc       0x2c build/Release/production/_ext/1675565371/lorawan_multiband.o
 .text.setChannelIdStatus
                0x00007728       0x28 build/Release/production/_ext/1675565371/lorawan_multiband.o
 .text.setNewChannelsT1
                0x00007750       0x8c build/Release/production/_ext/1675565371/lorawan_multiband.o
 .text.UpdateChannelIdStatusT2
                0x000077dc      0x108 build/Release/production/_ext/1675565371/lorawan_multiband.o
 .text.setChannelIdStatusT2
                0x000078e4       0x48 build/Release/production/_ext/1675565371/lorawan_multiband.o
 .text.UpdateChannelIdStatusT4
                0x0000792c       0xa4 build/Release/production/_ext/1675565371/lorawan_multiband.o
 .text.setChannelIdStatusT3
                0x000079d0       0x48 build/Release/production/_ext/1675565371/lorawan_multiband.o
 .text.setJoinBackoffCntl
                0x00007a18       0xa4 build/Release/production/_ext/1675565371/lorawan_multiband.o
 .text.setJoinBackOffTimer
                0x00007abc       0x58 build/Release/production/_ext/1675565371/lorawan_multiband.o
 .text.LORAREG_GetAttr_MacRecvDelay2
                0x00007b14        0xa build/Release/production/_ext/1675565371/lorawan_multiband.o
 *fill*         0x00007b1e        0x2 
 .text.ValidateTxFreqT1
                0x00007b20       0x98 build/Release/production/_ext/1675565371/lorawan_multiband.o
 .text.setNewChannel
                0x00007bb8       0xbc build/Release/production/_ext/1675565371/lorawan_multiband.o
 .text.LORAREG_GetAttr_FreqT1
                0x00007c74       0x84 build/Release/production/_ext/1675565371/lorawan_multiband.o
 .text.LORAREG_InitGetAttrFnPtrsNA
                0x00007cf8      0x15c build/Release/production/_ext/1675565371/lorawan_multiband.o
                0x00007cf8                LORAREG_InitGetAttrFnPtrsNA
 .text.LORAREG_InitGetAttrFnPtrsEU
                0x00007e54      0x168 build/Release/production/_ext/1675565371/lorawan_multiband.o
                0x00007e54                LORAREG_InitGetAttrFnPtrsEU
 .text.LORAREG_InitGetAttrFnPtrsAS
                0x00007fbc      0x168 build/Release/production/_ext/1675565371/lorawan_multiband.o
                0x00007fbc                LORAREG_InitGetAttrFnPtrsAS
 .text.LORAREG_InitGetAttrFnPtrsAU
                0x00008124      0x158 build/Release/production/_ext/1675565371/lorawan_multiband.o
                0x00008124                LORAREG_InitGetAttrFnPtrsAU
 .text.LORAREG_InitGetAttrFnPtrsIN
                0x0000827c      0x154 build/Release/production/_ext/1675565371/lorawan_multiband.o
                0x0000827c                LORAREG_InitGetAttrFnPtrsIN
 .text.LORAREG_InitGetAttrFnPtrsJP
                0x000083d0      0x180 build/Release/production/_ext/1675565371/lorawan_multiband.o
                0x000083d0                LORAREG_InitGetAttrFnPtrsJP
 .text.LORAREG_InitGetAttrFnPtrsKR
                0x00008550      0x16c build/Release/production/_ext/1675565371/lorawan_multiband.o
                0x00008550                LORAREG_InitGetAttrFnPtrsKR
 .text.LORAREG_InitValidateAttrFnPtrsEU
                0x000086bc       0x68 build/Release/production/_ext/1675565371/lorawan_multiband.o
                0x000086bc                LORAREG_InitValidateAttrFnPtrsEU
 .text.LORAREG_InitValidateAttrFnPtrsAS
                0x00008724       0x6c build/Release/production/_ext/1675565371/lorawan_multiband.o
                0x00008724                LORAREG_InitValidateAttrFnPtrsAS
 .text.LORAREG_InitValidateAttrFnPtrsAU
                0x00008790       0x6c build/Release/production/_ext/1675565371/lorawan_multiband.o
                0x00008790                LORAREG_InitValidateAttrFnPtrsAU
 .text.LORAREG_InitValidateAttrFnPtrsNA
                0x000087fc        0xc build/Release/production/_ext/1675565371/lorawan_multiband.o
                0x000087fc                LORAREG_InitValidateAttrFnPtrsNA
 .text.LORAREG_InitValidateAttrFnPtrsIN
                0x00008808       0x68 build/Release/production/_ext/1675565371/lorawan_multiband.o
                0x00008808                LORAREG_InitValidateAttrFnPtrsIN
 .text.LORAREG_InitValidateAttrFnPtrsJP
                0x00008870       0x6c build/Release/production/_ext/1675565371/lorawan_multiband.o
                0x00008870                LORAREG_InitValidateAttrFnPtrsJP
 .text.LORAREG_InitValidateAttrFnPtrsKR
                0x000088dc       0x68 build/Release/production/_ext/1675565371/lorawan_multiband.o
                0x000088dc                LORAREG_InitValidateAttrFnPtrsKR
 .text.LORAREG_InitSetAttrFnPtrsEU
                0x00008944       0x70 build/Release/production/_ext/1675565371/lorawan_multiband.o
                0x00008944                LORAREG_InitSetAttrFnPtrsEU
 .text.LORAREG_InitSetAttrFnPtrsAS
                0x000089b4       0x7c build/Release/production/_ext/1675565371/lorawan_multiband.o
                0x000089b4                LORAREG_InitSetAttrFnPtrsAS
 .text.LORAREG_InitSetAttrFnPtrsAU
                0x00008a30       0x58 build/Release/production/_ext/1675565371/lorawan_multiband.o
                0x00008a30                LORAREG_InitSetAttrFnPtrsAU
 .text.LORAREG_InitSetAttrFnPtrsNA
                0x00008a88        0xc build/Release/production/_ext/1675565371/lorawan_multiband.o
                0x00008a88                LORAREG_InitSetAttrFnPtrsNA
 .text.LORAREG_InitSetAttrFnPtrsIN
                0x00008a94       0x6c build/Release/production/_ext/1675565371/lorawan_multiband.o
                0x00008a94                LORAREG_InitSetAttrFnPtrsIN
 .text.LORAREG_InitSetAttrFnPtrsJP
                0x00008b00       0x88 build/Release/production/_ext/1675565371/lorawan_multiband.o
                0x00008b00                LORAREG_InitSetAttrFnPtrsJP
 .text.LORAREG_InitSetAttrFnPtrsKR
                0x00008b88       0x78 build/Release/production/_ext/1675565371/lorawan_multiband.o
                0x00008b88                LORAREG_InitSetAttrFnPtrsKR
 .text.LORAREG_GetAttr
                0x00008c00       0x1c build/Release/production/_ext/1675565371/lorawan_multiband.o
                0x00008c00                LORAREG_GetAttr
 .text.LORAREG_ValidateAttr
                0x00008c1c       0x1c build/Release/production/_ext/1675565371/lorawan_multiband.o
                0x00008c1c                LORAREG_ValidateAttr
 .text.LORAREG_SetAttr
                0x00008c38       0x1c build/Release/production/_ext/1675565371/lorawan_multiband.o
                0x00008c38                LORAREG_SetAttr
 .text.CreateAllRegSoftwareTimers
                0x00008c54       0x20 build/Release/production/_ext/1675565371/lorawan_multiband.o
                0x00008c54                CreateAllRegSoftwareTimers
 .text.StopAllRegSoftwareTimers
                0x00008c74       0x1c build/Release/production/_ext/1675565371/lorawan_multiband.o
                0x00008c74                StopAllRegSoftwareTimers
 .text.LORAREG_Init
                0x00008c90       0xc4 build/Release/production/_ext/1675565371/lorawan_multiband.o
                0x00008c90                LORAREG_Init
 .text.LORAREG_SupportedBands
                0x00008d54        0xa build/Release/production/_ext/1675565371/lorawan_multiband.o
                0x00008d54                LORAREG_SupportedBands
 *fill*         0x00008d5e        0x2 
 .text.LORAREG_UnInit
                0x00008d60       0x48 build/Release/production/_ext/1675565371/lorawan_multiband.o
                0x00008d60                LORAREG_UnInit
 .text.sal_FillSubKey.constprop.0
                0x00008da8       0x20 build/Release/production/_ext/1053212256/sal.o
 .text.SAL_Init
                0x00008dc8       0x10 build/Release/production/_ext/1053212256/sal.o
                0x00008dc8                SAL_Init
 .text.SAL_AESEncode
                0x00008dd8       0x24 build/Release/production/_ext/1053212256/sal.o
                0x00008dd8                SAL_AESEncode
 .text.SAL_DeriveSessionKey
                0x00008dfc        0xc build/Release/production/_ext/1053212256/sal.o
                0x00008dfc                SAL_DeriveSessionKey
 .text.SAL_Read
                0x00008e08        0x4 build/Release/production/_ext/1053212256/sal.o
                0x00008e08                SAL_Read
 .text.SAL_AESCmac
                0x00008e0c      0x18c build/Release/production/_ext/1053212256/sal.o
                0x00008e0c                SAL_AESCmac
 .text.AESEncode
                0x00008f98       0xdc build/Release/production/_ext/1568902280/aes_engine.o
                0x00008f98                AESEncode
 .text.AESInit  0x00009074       0x38 build/Release/production/_ext/1568902280/aes_engine.o
                0x00009074                AESInit
 .text.edbg_eui_read_eui64
                0x000090ac      0x124 build/Release/production/_ext/2058567524/edbg_eui.o
                0x000090ac                edbg_eui_read_eui64
 .text.PDS_Init
                0x000091d0       0x18 build/Release/production/_ext/1535893654/pds_interface.o
                0x000091d0                PDS_Init
 .text.PDS_Store
                0x000091e8       0x50 build/Release/production/_ext/1535893654/pds_interface.o
                0x000091e8                PDS_Store
 .text.PDS_RestoreAll
                0x00009238       0xb8 build/Release/production/_ext/1535893654/pds_interface.o
                0x00009238                PDS_RestoreAll
 .text.PDS_StoreAll
                0x000092f0       0x58 build/Release/production/_ext/1535893654/pds_interface.o
                0x000092f0                PDS_StoreAll
 .text.PDS_RegFile
                0x00009348       0x40 build/Release/production/_ext/1535893654/pds_interface.o
                0x00009348                PDS_RegFile
 .text.PDS_UnRegFile
                0x00009388       0x34 build/Release/production/_ext/1535893654/pds_interface.o
                0x00009388                PDS_UnRegFile
 .text.calculate_crc
                0x000093bc       0x30 build/Release/production/_ext/1535893654/pds_nvm.o
 .text.pdsNvmInit
                0x000093ec       0x38 build/Release/production/_ext/1535893654/pds_nvm.o
                0x000093ec                pdsNvmInit
 .text.pdsNvmRead
                0x00009424       0x68 build/Release/production/_ext/1535893654/pds_nvm.o
                0x00009424                pdsNvmRead
 .text.pdsNvmWrite
                0x0000948c       0x54 build/Release/production/_ext/1535893654/pds_nvm.o
                0x0000948c                pdsNvmWrite
 .text.pdsPostTask
                0x000094e0       0x2c build/Release/production/_ext/1535893654/pds_task_handler.o
                0x000094e0                pdsPostTask
 .text.pdsStoreDeleteHandler
                0x0000950c      0x124 build/Release/production/_ext/1535893654/pds_task_handler.o
 .text.PDS_TaskHandler
                0x00009630       0x48 build/Release/production/_ext/1535893654/pds_task_handler.o
                0x00009630                PDS_TaskHandler
 .text.pdsUpdateRowMap
                0x00009678       0x44 build/Release/production/_ext/1535893654/pds_wl.o
 .text.pdsUpdateFileMap
                0x000096bc       0xa8 build/Release/production/_ext/1535893654/pds_wl.o
 .text.pdsWlInit
                0x00009764       0xa4 build/Release/production/_ext/1535893654/pds_wl.o
                0x00009764                pdsWlInit
 .text.pdsWlWrite
                0x00009808       0xe0 build/Release/production/_ext/1535893654/pds_wl.o
                0x00009808                pdsWlWrite
 .text.pdsWlRead
                0x000098e8       0x28 build/Release/production/_ext/1535893654/pds_wl.o
                0x000098e8                pdsWlRead
 .text.set_LED_data
                0x00009910       0x48 build/Release/production/_ext/1939041988/LED.o
                0x00009910                set_LED_data
 .text.resource_init
                0x00009958        0xc build/Release/production/_ext/1939041988/resources.o
                0x00009958                resource_init
 .text.temp_sensor_init
                0x00009964       0x88 build/Release/production/_ext/1939041988/temp_sensor.o
                0x00009964                temp_sensor_init
 .text.cpu_irq_save
                0x000099ec       0x24 build/Release/production/_ext/1477882237/sw_timer.o
 .text.gettime  0x00009a10       0x24 build/Release/production/_ext/1477882237/sw_timer.o
 .text.cpu_irq_restore
                0x00009a34       0x18 build/Release/production/_ext/1477882237/sw_timer.o
 .text.hwTimerOverflowCallback
                0x00009a4c       0x8c build/Release/production/_ext/1477882237/sw_timer.o
 .text.loadHwTimer
                0x00009ad8       0x6c build/Release/production/_ext/1477882237/sw_timer.o
 .text.swtimerInternalHandler
                0x00009b44       0x80 build/Release/production/_ext/1477882237/sw_timer.o
 .text.hwTimerExpiryCallback
                0x00009bc4       0x24 build/Release/production/_ext/1477882237/sw_timer.o
 .text.SwTimerReset
                0x00009be8       0x4c build/Release/production/_ext/1477882237/sw_timer.o
                0x00009be8                SwTimerReset
 .text.SystemTimerInit
                0x00009c34       0x44 build/Release/production/_ext/1477882237/sw_timer.o
                0x00009c34                SystemTimerInit
 .text.SwTimerGetTime
                0x00009c78        0xc build/Release/production/_ext/1477882237/sw_timer.o
                0x00009c78                SwTimerGetTime
 .text.SwTimerCreate
                0x00009c84       0x30 build/Release/production/_ext/1477882237/sw_timer.o
                0x00009c84                SwTimerCreate
 .text.SwTimerStart
                0x00009cb4      0x11c build/Release/production/_ext/1477882237/sw_timer.o
                0x00009cb4                SwTimerStart
 .text.SwTimerIsRunning
                0x00009dd0       0x14 build/Release/production/_ext/1477882237/sw_timer.o
                0x00009dd0                SwTimerIsRunning
 .text.SwTimerReadValue
                0x00009de4       0x28 build/Release/production/_ext/1477882237/sw_timer.o
                0x00009de4                SwTimerReadValue
 .text.SwTimerNextExpiryDuration
                0x00009e0c       0x20 build/Release/production/_ext/1477882237/sw_timer.o
                0x00009e0c                SwTimerNextExpiryDuration
 .text.SwTimersExecute
                0x00009e2c       0x84 build/Release/production/_ext/1477882237/sw_timer.o
                0x00009e2c                SwTimersExecute
 .text.TIMER_TaskHandler
                0x00009eb0       0x10 build/Release/production/_ext/1477882237/sw_timer.o
                0x00009eb0                TIMER_TaskHandler
 .text.SwTimerStop
                0x00009ec0      0x118 build/Release/production/_ext/1477882237/sw_timer.o
                0x00009ec0                SwTimerStop
 .text.SwTimerRunRemainingTime
                0x00009fd8       0x40 build/Release/production/_ext/1477882237/sw_timer.o
                0x00009fd8                SwTimerRunRemainingTime
 .text.SystemTimerSuspend
                0x0000a018       0x20 build/Release/production/_ext/1477882237/sw_timer.o
                0x0000a018                SystemTimerSuspend
 .text.SystemTimerSync
                0x0000a038       0xb4 build/Release/production/_ext/1477882237/sw_timer.o
                0x0000a038                SystemTimerSync
 .text.Stack_Init
                0x0000a0ec       0x10 build/Release/production/_ext/1746776527/system_init.o
                0x0000a0ec                Stack_Init
 .text.SYSTEM_RunTasks
                0x0000a0fc       0x54 build/Release/production/_ext/1746776527/system_task_manager.o
                0x0000a0fc                SYSTEM_RunTasks
 .text.SYSTEM_PostTask
                0x0000a150       0x24 build/Release/production/_ext/1746776527/system_task_manager.o
                0x0000a150                SYSTEM_PostTask
 .text.SYSTEM_ReadyToSleep
                0x0000a174       0x10 build/Release/production/_ext/1746776527/system_task_manager.o
                0x0000a174                SYSTEM_ReadyToSleep
 .text.Radio_WriteMode
                0x0000a184       0xbc build/Release/production/_ext/1852300515/radio_driver_SX1276.o
                0x0000a184                Radio_WriteMode
 .text.RADIO_FHSSChangeChannel
                0x0000a240       0x48 build/Release/production/_ext/1852300515/radio_driver_SX1276.o
                0x0000a240                RADIO_FHSSChangeChannel
 .text.RADIO_ReadRandom
                0x0000a288       0x8c build/Release/production/_ext/1852300515/radio_driver_SX1276.o
                0x0000a288                RADIO_ReadRandom
 .text.Radio_ReadFSKRssi
                0x0000a314       0x1c build/Release/production/_ext/1852300515/radio_driver_SX1276.o
                0x0000a314                Radio_ReadFSKRssi
 .text.tc_cca_callback
                0x0000a330        0xc build/Release/production/_ext/294023502/hw_timer.o
 .text.tc_ovf_callback
                0x0000a33c        0xc build/Release/production/_ext/294023502/hw_timer.o
 .text.tmr_read_count
                0x0000a348       0x14 build/Release/production/_ext/294023502/hw_timer.o
                0x0000a348                tmr_read_count
 .text.tmr_disable_cc_interrupt
                0x0000a35c       0x14 build/Release/production/_ext/294023502/hw_timer.o
                0x0000a35c                tmr_disable_cc_interrupt
 .text.tmr_enable_cc_interrupt
                0x0000a370       0x3c build/Release/production/_ext/294023502/hw_timer.o
                0x0000a370                tmr_enable_cc_interrupt
 .text.tmr_disable_ovf_interrupt
                0x0000a3ac       0x14 build/Release/production/_ext/294023502/hw_timer.o
                0x0000a3ac                tmr_disable_ovf_interrupt
 .text.tmr_stop
                0x0000a3c0       0x20 build/Release/production/_ext/294023502/hw_timer.o
                0x0000a3c0                tmr_stop
 .text.tmr_write_cmpreg
                0x0000a3e0       0x18 build/Release/production/_ext/294023502/hw_timer.o
                0x0000a3e0                tmr_write_cmpreg
 .text.save_cpu_interrupt
                0x0000a3f8       0x24 build/Release/production/_ext/294023502/hw_timer.o
                0x0000a3f8                save_cpu_interrupt
 .text.restore_cpu_interrupt
                0x0000a41c       0x18 build/Release/production/_ext/294023502/hw_timer.o
                0x0000a41c                restore_cpu_interrupt
 .text.tmr_init
                0x0000a434      0x110 build/Release/production/_ext/294023502/hw_timer.o
                0x0000a434                tmr_init
 .text.nvm_read
                0x0000a544       0x48 build/Release/production/_ext/1691084554/sam_nvm.o
                0x0000a544                nvm_read
 .text.nvm_write
                0x0000a58c       0xe4 build/Release/production/_ext/1691084554/sam_nvm.o
                0x0000a58c                nvm_write
 .text.nvm_init
                0x0000a670       0x34 build/Release/production/_ext/1691084554/sam_nvm.o
                0x0000a670                nvm_init
 .text.CayenneLPP
                0x0000a6a4       0x28 build/Release/production/_ext/1360937237/lpp.o
                0x0000a6a4                CayenneLPP
 .text.FreeCayenneLPP
                0x0000a6cc        0xc build/Release/production/_ext/1360937237/lpp.o
                0x0000a6cc                FreeCayenneLPP
 .text.getSize  0x0000a6d8        0xc build/Release/production/_ext/1360937237/lpp.o
                0x0000a6d8                getSize
 .text.getBuffer
                0x0000a6e4        0xc build/Release/production/_ext/1360937237/lpp.o
                0x0000a6e4                getBuffer
 .text.addAnalogInput
                0x0000a6f0       0x54 build/Release/production/_ext/1360937237/lpp.o
                0x0000a6f0                addAnalogInput
 .text.addTemperature
                0x0000a744       0x54 build/Release/production/_ext/1360937237/lpp.o
                0x0000a744                addTemperature
 .text.serialGetSensorData
                0x0000a798       0x3c build/Release/production/_ext/1360937237/sensor_data.o
                0x0000a798                serialGetSensorData
 .text.extractVoltage
                0x0000a7d4       0x30 build/Release/production/_ext/1360937237/sensor_data.o
                0x0000a7d4                extractVoltage
 .text.extractTemperature
                0x0000a804       0x84 build/Release/production/_ext/1360937237/sensor_data.o
                0x0000a804                extractTemperature
 .text.configure_i2c_master1
                0x0000a888       0xb0 build/Release/production/_ext/1360937237/TMP102.o
                0x0000a888                configure_i2c_master1
 .text.TMP102_begin
                0x0000a938       0x2c build/Release/production/_ext/1360937237/TMP102.o
                0x0000a938                TMP102_begin
 .text.TMP102_openPointerRegister
                0x0000a964       0x44 build/Release/production/_ext/1360937237/TMP102.o
                0x0000a964                TMP102_openPointerRegister
 .text.TMP102_readRegister
                0x0000a9a8       0x54 build/Release/production/_ext/1360937237/TMP102.o
                0x0000a9a8                TMP102_readRegister
 .text.TMP102_readTempC
                0x0000a9fc       0x7c build/Release/production/_ext/1360937237/TMP102.o
                0x0000a9fc                TMP102_readTempC
 .text.TMP102_sleep
                0x0000aa78       0x60 build/Release/production/_ext/1360937237/TMP102.o
                0x0000aa78                TMP102_sleep
 .text.TMP102_wakeup
                0x0000aad8       0x60 build/Release/production/_ext/1360937237/TMP102.o
                0x0000aad8                TMP102_wakeup
 .text.lTimerCb
                0x0000ab38       0x34 build/Release/production/_ext/1360937237/enddevice_demo.o
 .text.appPostTask
                0x0000ab6c       0x34 build/Release/production/_ext/1360937237/enddevice_demo.o
                0x0000ab6c                appPostTask
 .text.mote_demo_init
                0x0000aba0       0x3c build/Release/production/_ext/1360937237/enddevice_demo.o
                0x0000aba0                mote_demo_init
 .text.demo_appdata_callback
                0x0000abdc      0x278 build/Release/production/_ext/1360937237/enddevice_demo.o
                0x0000abdc                demo_appdata_callback
 .text.displayTask
                0x0000ae54       0x54 build/Release/production/_ext/1360937237/enddevice_demo.o
 .text.APP_TaskHandler
                0x0000aea8       0x5c build/Release/production/_ext/1360937237/enddevice_demo.o
                0x0000aea8                APP_TaskHandler
 .text.print_array
                0x0000af04       0x34 build/Release/production/_ext/1360937237/enddevice_demo.o
                0x0000af04                print_array
 .text.set_join_parameters
                0x0000af38       0xd8 build/Release/production/_ext/1360937237/enddevice_demo.o
                0x0000af38                set_join_parameters
 .text.set_multicast_params
                0x0000b010       0xec build/Release/production/_ext/1360937237/enddevice_demo.o
                0x0000b010                set_multicast_params
 .text.set_device_type
                0x0000b0fc       0x30 build/Release/production/_ext/1360937237/enddevice_demo.o
                0x0000b0fc                set_device_type
 .text.mote_set_parameters
                0x0000b12c       0x68 build/Release/production/_ext/1360937237/enddevice_demo.o
                0x0000b12c                mote_set_parameters
 .text.print_application_config
                0x0000b194       0x78 build/Release/production/_ext/1360937237/enddevice_demo.o
                0x0000b194                print_application_config
 .text.demo_joindata_callback
                0x0000b20c       0xbc build/Release/production/_ext/1360937237/enddevice_demo.o
                0x0000b20c                demo_joindata_callback
 .text.print_stack_status
                0x0000b2c8       0x90 build/Release/production/_ext/1360937237/enddevice_demo.o
                0x0000b2c8                print_stack_status
 .text.processTask
                0x0000b358      0x1f8 build/Release/production/_ext/1360937237/enddevice_demo.o
 .text.dev_eui_read
                0x0000b550       0x44 build/Release/production/_ext/1360937237/enddevice_demo.o
                0x0000b550                dev_eui_read
 .text.appWakeup
                0x0000b594       0x28 build/Release/production/_ext/1360937237/main.o
 .text.app_resources_uninit
                0x0000b5bc       0x34 build/Release/production/_ext/1360937237/main.o
                0x0000b5bc                app_resources_uninit
 .text.startup.main
                0x0000b5f0      0x284 build/Release/production/_ext/1360937237/main.o
                0x0000b5f0                main
 .text.common_tc_read_count
                0x0000b874       0x4c ../src/ASF/thirdparty/wireless/services/common_hw_timer/sam0/lib\libsam0_lib_hw_timer.a(common_hw_timer.o)
                0x0000b874                common_tc_read_count
 .text.common_tc_compare_stop
                0x0000b8c0       0x28 ../src/ASF/thirdparty/wireless/services/common_hw_timer/sam0/lib\libsam0_lib_hw_timer.a(common_hw_timer.o)
                0x0000b8c0                common_tc_compare_stop
 .text.common_tc_overflow_stop
                0x0000b8e8       0x18 ../src/ASF/thirdparty/wireless/services/common_hw_timer/sam0/lib\libsam0_lib_hw_timer.a(common_hw_timer.o)
                0x0000b8e8                common_tc_overflow_stop
 .text.common_tc_stop
                0x0000b900       0x1c ../src/ASF/thirdparty/wireless/services/common_hw_timer/sam0/lib\libsam0_lib_hw_timer.a(common_hw_timer.o)
                0x0000b900                common_tc_stop
 .text.common_tc_delay
                0x0000b91c       0x6c ../src/ASF/thirdparty/wireless/services/common_hw_timer/sam0/lib\libsam0_lib_hw_timer.a(common_hw_timer.o)
                0x0000b91c                common_tc_delay
 .text.common_tc_init
                0x0000b988       0x20 ../src/ASF/thirdparty/wireless/services/common_hw_timer/sam0/lib\libsam0_lib_hw_timer.a(common_hw_timer.o)
                0x0000b988                common_tc_init
 .text.tmr_ovf_callback
                0x0000b9a8       0x48 ../src/ASF/thirdparty/wireless/services/common_hw_timer/sam0/lib\libsam0_lib_hw_timer.a(common_hw_timer.o)
                0x0000b9a8                tmr_ovf_callback
 .text.tmr_cca_callback
                0x0000b9f0       0x1c ../src/ASF/thirdparty/wireless/services/common_hw_timer/sam0/lib\libsam0_lib_hw_timer.a(common_hw_timer.o)
                0x0000b9f0                tmr_cca_callback
 .text.set_common_tc_overflow_callback
                0x0000ba0c        0xc ../src/ASF/thirdparty/wireless/services/common_hw_timer/sam0/lib\libsam0_lib_hw_timer.a(common_hw_timer.o)
                0x0000ba0c                set_common_tc_overflow_callback
 .text.set_common_tc_expiry_callback
                0x0000ba18        0xc ../src/ASF/thirdparty/wireless/services/common_hw_timer/sam0/lib\libsam0_lib_hw_timer.a(common_hw_timer.o)
                0x0000ba18                set_common_tc_expiry_callback
 .text.MacClearCommands
                0x0000ba24       0x44 ../src/ASF/thirdparty/wireless/lorawan/libgen/sam0/gcc\libLORAWAN_LIBGEN.a(lorawan.o)
 .text.CountfOptsLength
                0x0000ba68       0x40 ../src/ASF/thirdparty/wireless/lorawan/libgen/sam0/gcc\libLORAWAN_LIBGEN.a(lorawan.o)
 .text.StopAllSoftwareTimers
                0x0000baa8       0x68 ../src/ASF/thirdparty/wireless/lorawan/libgen/sam0/gcc\libLORAWAN_LIBGEN.a(lorawan.o)
 .text.LorawanGetMaxPayloadSize
                0x0000bb10       0x20 ../src/ASF/thirdparty/wireless/lorawan/libgen/sam0/gcc\libLORAWAN_LIBGEN.a(lorawan.o)
 .text.UpdateReceiveDelays
                0x0000bb30       0x3c ../src/ASF/thirdparty/wireless/lorawan/libgen/sam0/gcc\libLORAWAN_LIBGEN.a(lorawan.o)
 .text.IncludeMacCommandsResponse
                0x0000bb6c      0x1c0 ../src/ASF/thirdparty/wireless/lorawan/libgen/sam0/gcc\libLORAWAN_LIBGEN.a(lorawan.o)
 .text.UpdateJoinSuccessState
                0x0000bd2c       0xf0 ../src/ASF/thirdparty/wireless/lorawan/libgen/sam0/gcc\libLORAWAN_LIBGEN.a(lorawan.o)
                0x0000bd2c                UpdateJoinSuccessState
 .text.PrepareSessionKeys
                0x0000be1c       0x3c ../src/ASF/thirdparty/wireless/lorawan/libgen/sam0/gcc\libLORAWAN_LIBGEN.a(lorawan.o)
 .text.AssembleEncryptionBlock
                0x0000be58       0x40 ../src/ASF/thirdparty/wireless/lorawan/libgen/sam0/gcc\libLORAWAN_LIBGEN.a(lorawan.o)
 .text.ConfigureRadio
                0x0000be98       0x58 ../src/ASF/thirdparty/wireless/lorawan/libgen/sam0/gcc\libLORAWAN_LIBGEN.a(lorawan.o)
 .text.StopReceiveWindow2Timer
                0x0000bef0       0x3c ../src/ASF/thirdparty/wireless/lorawan/libgen/sam0/gcc\libLORAWAN_LIBGEN.a(lorawan.o)
 .text.LorawanLinkCheckConfigure.part.4
                0x0000bf2c       0x2c ../src/ASF/thirdparty/wireless/lorawan/libgen/sam0/gcc\libLORAWAN_LIBGEN.a(lorawan.o)
 .text.LorawanLinkCheckCallback
                0x0000bf58       0x68 ../src/ASF/thirdparty/wireless/lorawan/libgen/sam0/gcc\libLORAWAN_LIBGEN.a(lorawan.o)
                0x0000bf58                LorawanLinkCheckCallback
 .text.LORAWAN_Init
                0x0000bfc0      0x178 ../src/ASF/thirdparty/wireless/lorawan/libgen/sam0/gcc\libLORAWAN_LIBGEN.a(lorawan.o)
                0x0000bfc0                LORAWAN_Init
 .text.LORAWAN_Send
                0x0000c138       0xf8 ../src/ASF/thirdparty/wireless/lorawan/libgen/sam0/gcc\libLORAWAN_LIBGEN.a(lorawan.o)
                0x0000c138                LORAWAN_Send
 .text.AutomaticReplyCallback
                0x0000c230       0x44 ../src/ASF/thirdparty/wireless/lorawan/libgen/sam0/gcc\libLORAWAN_LIBGEN.a(lorawan.o)
                0x0000c230                AutomaticReplyCallback
 .text.LorawanLinkCheckConfigure
                0x0000c274       0x9c ../src/ASF/thirdparty/wireless/lorawan/libgen/sam0/gcc\libLORAWAN_LIBGEN.a(lorawan.o)
                0x0000c274                LorawanLinkCheckConfigure
 .text.UpdateCurrentDataRate
                0x0000c310       0x1c ../src/ASF/thirdparty/wireless/lorawan/libgen/sam0/gcc\libLORAWAN_LIBGEN.a(lorawan.o)
                0x0000c310                UpdateCurrentDataRate
 .text.UpdateDLSettings
                0x0000c32c       0x50 ../src/ASF/thirdparty/wireless/lorawan/libgen/sam0/gcc\libLORAWAN_LIBGEN.a(lorawan.o)
                0x0000c32c                UpdateDLSettings
 .text.UpdateTxPower
                0x0000c37c       0x1c ../src/ASF/thirdparty/wireless/lorawan/libgen/sam0/gcc\libLORAWAN_LIBGEN.a(lorawan.o)
                0x0000c37c                UpdateTxPower
 .text.UpdateRetransmissionAckTimeoutState
                0x0000c398       0x50 ../src/ASF/thirdparty/wireless/lorawan/libgen/sam0/gcc\libLORAWAN_LIBGEN.a(lorawan.o)
                0x0000c398                UpdateRetransmissionAckTimeoutState
 .text.UpdateReceiveWindow2Parameters
                0x0000c3e8       0x24 ../src/ASF/thirdparty/wireless/lorawan/libgen/sam0/gcc\libLORAWAN_LIBGEN.a(lorawan.o)
                0x0000c3e8                UpdateReceiveWindow2Parameters
 .text.ResetParametersForConfirmedTransmission
                0x0000c40c       0x30 ../src/ASF/thirdparty/wireless/lorawan/libgen/sam0/gcc\libLORAWAN_LIBGEN.a(lorawan.o)
                0x0000c40c                ResetParametersForConfirmedTransmission
 .text.ResetParametersForUnconfirmedTransmission
                0x0000c43c       0x24 ../src/ASF/thirdparty/wireless/lorawan/libgen/sam0/gcc\libLORAWAN_LIBGEN.a(lorawan.o)
                0x0000c43c                ResetParametersForUnconfirmedTransmission
 .text.SetJoinFailState
                0x0000c460       0x64 ../src/ASF/thirdparty/wireless/lorawan/libgen/sam0/gcc\libLORAWAN_LIBGEN.a(lorawan.o)
                0x0000c460                SetJoinFailState
 .text.ExecuteRxParamSetupReq
                0x0000c4c4       0xfc ../src/ASF/thirdparty/wireless/lorawan/libgen/sam0/gcc\libLORAWAN_LIBGEN.a(lorawan.o)
                0x0000c4c4                ExecuteRxParamSetupReq
 .text.ExecuteDutyCycle
                0x0000c5c0       0x38 ../src/ASF/thirdparty/wireless/lorawan/libgen/sam0/gcc\libLORAWAN_LIBGEN.a(lorawan.o)
                0x0000c5c0                ExecuteDutyCycle
 .text.ExecuteDlChannel
                0x0000c5f8       0xb4 ../src/ASF/thirdparty/wireless/lorawan/libgen/sam0/gcc\libLORAWAN_LIBGEN.a(lorawan.o)
                0x0000c5f8                ExecuteDlChannel
 .text.ExecuteTxParamSetup
                0x0000c6ac       0x50 ../src/ASF/thirdparty/wireless/lorawan/libgen/sam0/gcc\libLORAWAN_LIBGEN.a(lorawan.o)
                0x0000c6ac                ExecuteTxParamSetup
 .text.ExecuteLinkAdr
                0x0000c6fc      0x114 ../src/ASF/thirdparty/wireless/lorawan/libgen/sam0/gcc\libLORAWAN_LIBGEN.a(lorawan.o)
                0x0000c6fc                ExecuteLinkAdr
 .text.PrepareJoinRequestFrame
                0x0000c810       0xd0 ../src/ASF/thirdparty/wireless/lorawan/libgen/sam0/gcc\libLORAWAN_LIBGEN.a(lorawan.o)
                0x0000c810                PrepareJoinRequestFrame
 .text.ConfigureRadioRx
                0x0000c8e0       0x6c ../src/ASF/thirdparty/wireless/lorawan/libgen/sam0/gcc\libLORAWAN_LIBGEN.a(lorawan.o)
                0x0000c8e0                ConfigureRadioRx
 .text.LorawanReceiveWindow1Callback
                0x0000c94c       0x78 ../src/ASF/thirdparty/wireless/lorawan/libgen/sam0/gcc\libLORAWAN_LIBGEN.a(lorawan.o)
                0x0000c94c                LorawanReceiveWindow1Callback
 .text.ConfigureRadioTx
                0x0000c9c4       0x6c ../src/ASF/thirdparty/wireless/lorawan/libgen/sam0/gcc\libLORAWAN_LIBGEN.a(lorawan.o)
                0x0000c9c4                ConfigureRadioTx
 .text.LorawanGetChAndInitiateRadioTransmit
                0x0000ca30      0x154 ../src/ASF/thirdparty/wireless/lorawan/libgen/sam0/gcc\libLORAWAN_LIBGEN.a(lorawan.o)
                0x0000ca30                LorawanGetChAndInitiateRadioTransmit
 .text.TransmissionErrorCallback
                0x0000cb84       0xb4 ../src/ASF/thirdparty/wireless/lorawan/libgen/sam0/gcc\libLORAWAN_LIBGEN.a(lorawan.o)
 .text.UnconfirmedTransmissionCallback
                0x0000cc38      0x110 ../src/ASF/thirdparty/wireless/lorawan/libgen/sam0/gcc\libLORAWAN_LIBGEN.a(lorawan.o)
                0x0000cc38                UnconfirmedTransmissionCallback
 .text.UpdateJoinInProgress
                0x0000cd48       0x38 ../src/ASF/thirdparty/wireless/lorawan/libgen/sam0/gcc\libLORAWAN_LIBGEN.a(lorawan.o)
                0x0000cd48                UpdateJoinInProgress
 .text.LORAWAN_Join
                0x0000cd80       0xf4 ../src/ASF/thirdparty/wireless/lorawan/libgen/sam0/gcc\libLORAWAN_LIBGEN.a(lorawan.o)
                0x0000cd80                LORAWAN_Join
 .text.EncryptFRMPayload
                0x0000ce74       0xc0 ../src/ASF/thirdparty/wireless/lorawan/libgen/sam0/gcc\libLORAWAN_LIBGEN.a(lorawan.o)
                0x0000ce74                EncryptFRMPayload
 .text.UpdateTransactionCompleteCbParams
                0x0000cf34       0x68 ../src/ASF/thirdparty/wireless/lorawan/libgen/sam0/gcc\libLORAWAN_LIBGEN.a(lorawan.o)
                0x0000cf34                UpdateTransactionCompleteCbParams
 .text.AssemblePacket
                0x0000cf9c      0x33c ../src/ASF/thirdparty/wireless/lorawan/libgen/sam0/gcc\libLORAWAN_LIBGEN.a(lorawan.o)
                0x0000cf9c                AssemblePacket
 .text.UpdateRxDataAvailableCbParams
                0x0000d2d8       0x4c ../src/ASF/thirdparty/wireless/lorawan/libgen/sam0/gcc\libLORAWAN_LIBGEN.a(lorawan.o)
                0x0000d2d8                UpdateRxDataAvailableCbParams
 .text.LorawanNotifyAppOnRxdone
                0x0000d324       0xb0 ../src/ASF/thirdparty/wireless/lorawan/libgen/sam0/gcc\libLORAWAN_LIBGEN.a(lorawan.o)
 .text.LorawanSetReceiveWindow2Parameters
                0x0000d3d4       0x3c ../src/ASF/thirdparty/wireless/lorawan/libgen/sam0/gcc\libLORAWAN_LIBGEN.a(lorawan.o)
                0x0000d3d4                LorawanSetReceiveWindow2Parameters
 .text.LorawanSetFrequency
                0x0000d410       0x18 ../src/ASF/thirdparty/wireless/lorawan/libgen/sam0/gcc\libLORAWAN_LIBGEN.a(lorawan.o)
                0x0000d410                LorawanSetFrequency
 .text.LorawanGetReceiveWindow2Parameters
                0x0000d428       0x20 ../src/ASF/thirdparty/wireless/lorawan/libgen/sam0/gcc\libLORAWAN_LIBGEN.a(lorawan.o)
                0x0000d428                LorawanGetReceiveWindow2Parameters
 .text.LORAWAN_GetAttr
                0x0000d448      0x2f0 ../src/ASF/thirdparty/wireless/lorawan/libgen/sam0/gcc\libLORAWAN_LIBGEN.a(lorawan.o)
                0x0000d448                LORAWAN_GetAttr
 .text.LORAWAN_TxDone
                0x0000d738      0x52c ../src/ASF/thirdparty/wireless/lorawan/libgen/sam0/gcc\libLORAWAN_LIBGEN.a(lorawan.o)
                0x0000d738                LORAWAN_TxDone
 .text.radioCallback
                0x0000dc64       0x58 ../src/ASF/thirdparty/wireless/lorawan/libgen/sam0/gcc\libLORAWAN_LIBGEN.a(lorawan.o)
 .text.LorawanCheckAndDoRetryOnTimeout
                0x0000dcbc       0xfc ../src/ASF/thirdparty/wireless/lorawan/libgen/sam0/gcc\libLORAWAN_LIBGEN.a(lorawan.o)
                0x0000dcbc                LorawanCheckAndDoRetryOnTimeout
 .text.AckRetransmissionCallback
                0x0000ddb8       0x90 ../src/ASF/thirdparty/wireless/lorawan/libgen/sam0/gcc\libLORAWAN_LIBGEN.a(lorawan.o)
                0x0000ddb8                AckRetransmissionCallback
 .text.LORAWAN_RxTimeout
                0x0000de48       0xa4 ../src/ASF/thirdparty/wireless/lorawan/libgen/sam0/gcc\libLORAWAN_LIBGEN.a(lorawan.o)
                0x0000de48                LORAWAN_RxTimeout
 .text.LorawanConfigureRadioForRX2
                0x0000deec       0xac ../src/ASF/thirdparty/wireless/lorawan/libgen/sam0/gcc\libLORAWAN_LIBGEN.a(lorawan.o)
                0x0000deec                LorawanConfigureRadioForRX2
 .text.LorawanReceiveWindow2Callback
                0x0000df98       0x78 ../src/ASF/thirdparty/wireless/lorawan/libgen/sam0/gcc\libLORAWAN_LIBGEN.a(lorawan.o)
                0x0000df98                LorawanReceiveWindow2Callback
 .text.SetReceptionNotOkState
                0x0000e010       0x74 ../src/ASF/thirdparty/wireless/lorawan/libgen/sam0/gcc\libLORAWAN_LIBGEN.a(lorawan.o)
 .text.UpdateCurrentDataRateAfterDataRangeChanges
                0x0000e084       0x2c ../src/ASF/thirdparty/wireless/lorawan/libgen/sam0/gcc\libLORAWAN_LIBGEN.a(lorawan.o)
                0x0000e084                UpdateCurrentDataRateAfterDataRangeChanges
 .text.ExecuteNewChannel
                0x0000e0b0      0x190 ../src/ASF/thirdparty/wireless/lorawan/libgen/sam0/gcc\libLORAWAN_LIBGEN.a(lorawan.o)
                0x0000e0b0                ExecuteNewChannel
 .text.MacExecuteCommands
                0x0000e240      0x1d8 ../src/ASF/thirdparty/wireless/lorawan/libgen/sam0/gcc\libLORAWAN_LIBGEN.a(lorawan.o)
 .text.LorawanSetDataRange
                0x0000e418       0x70 ../src/ASF/thirdparty/wireless/lorawan/libgen/sam0/gcc\libLORAWAN_LIBGEN.a(lorawan.o)
                0x0000e418                LorawanSetDataRange
 .text.LorawanSetChannelIdStatus
                0x0000e488       0x50 ../src/ASF/thirdparty/wireless/lorawan/libgen/sam0/gcc\libLORAWAN_LIBGEN.a(lorawan.o)
                0x0000e488                LorawanSetChannelIdStatus
 .text.LORAWAN_RxDone
                0x0000e4d8      0xb5c ../src/ASF/thirdparty/wireless/lorawan/libgen/sam0/gcc\libLORAWAN_LIBGEN.a(lorawan.o)
                0x0000e4d8                LORAWAN_RxDone
 .text.LorawanSetEdClass
                0x0000f034       0x7c ../src/ASF/thirdparty/wireless/lorawan/libgen/sam0/gcc\libLORAWAN_LIBGEN.a(lorawan.o)
                0x0000f034                LorawanSetEdClass
 .text.LORAWAN_SetAttr
                0x0000f0b0      0x4e0 ../src/ASF/thirdparty/wireless/lorawan/libgen/sam0/gcc\libLORAWAN_LIBGEN.a(lorawan.o)
                0x0000f0b0                LORAWAN_SetAttr
 .text.LORAWAN_Reset
                0x0000f590      0x274 ../src/ASF/thirdparty/wireless/lorawan/libgen/sam0/gcc\libLORAWAN_LIBGEN.a(lorawan.o)
                0x0000f590                LORAWAN_Reset
 .text.LORAWAN_ReadyToSleep
                0x0000f804       0x28 ../src/ASF/thirdparty/wireless/lorawan/libgen/sam0/gcc\libLORAWAN_LIBGEN.a(lorawan.o)
                0x0000f804                LORAWAN_ReadyToSleep
 .text.LorawanClasscUlAckTimerCallback
                0x0000f82c       0x14 ../src/ASF/thirdparty/wireless/lorawan/libgen/sam0/gcc\libLORAWAN_LIBGEN.a(lorawan_classc.o)
                0x0000f82c                LorawanClasscUlAckTimerCallback
 .text.LorawanClasscValidateSend
                0x0000f840       0x38 ../src/ASF/thirdparty/wireless/lorawan/libgen/sam0/gcc\libLORAWAN_LIBGEN.a(lorawan_classc.o)
                0x0000f840                LorawanClasscValidateSend
 .text.LorawanClasscReceiveWindow1Callback
                0x0000f878       0x14 ../src/ASF/thirdparty/wireless/lorawan/libgen/sam0/gcc\libLORAWAN_LIBGEN.a(lorawan_classc.o)
                0x0000f878                LorawanClasscReceiveWindow1Callback
 .text.LorawanClasscRxDone
                0x0000f88c       0x6c ../src/ASF/thirdparty/wireless/lorawan/libgen/sam0/gcc\libLORAWAN_LIBGEN.a(lorawan_classc.o)
                0x0000f88c                LorawanClasscRxDone
 .text.LorawanClasscTxDone
                0x0000f8f8       0x84 ../src/ASF/thirdparty/wireless/lorawan/libgen/sam0/gcc\libLORAWAN_LIBGEN.a(lorawan_classc.o)
                0x0000f8f8                LorawanClasscTxDone
 .text.LorawanClasscRxTimeout
                0x0000f97c       0x2c ../src/ASF/thirdparty/wireless/lorawan/libgen/sam0/gcc\libLORAWAN_LIBGEN.a(lorawan_classc.o)
                0x0000f97c                LorawanClasscRxTimeout
 .text.LorawanClasscNotifyAppOnReceive
                0x0000f9a8       0x34 ../src/ASF/thirdparty/wireless/lorawan/libgen/sam0/gcc\libLORAWAN_LIBGEN.a(lorawan_classc.o)
                0x0000f9a8                LorawanClasscNotifyAppOnReceive
 .text.LorawanMcastInit
                0x0000f9dc       0x50 ../src/ASF/thirdparty/wireless/lorawan/libgen/sam0/gcc\libLORAWAN_LIBGEN.a(lorawan_mcast.o)
                0x0000f9dc                LorawanMcastInit
 .text.LorawanMcastEnable